2025-05-02 00:00:29,331 - shared_logger - INFO - Starting to save shared data... (shared_data_manager.py:275)
2025-05-02 00:00:29,801 - shared_logger - WARNING - ‚ö†Ô∏è No new OHLCV data for CVC-USD (ohlcv_manager.py:85)
2025-05-02 00:00:32,254 - shared_logger - WARNING - ‚ö†Ô∏è No new OHLCV data for CVC-USD (ohlcv_manager.py:85)
2025-05-02 00:00:37,865 - shared_logger - WARNING - ‚ö†Ô∏è No new OHLCV data for REQ-USD (ohlcv_manager.py:85)
2025-05-02 00:00:41,194 - shared_logger - WARNING - ‚ö†Ô∏è No new OHLCV data for INV-USD (ohlcv_manager.py:85)
2025-05-02 00:00:41,848 - shared_logger - WARNING - ‚ö†Ô∏è No new OHLCV data for REQ-USD (ohlcv_manager.py:85)
2025-05-02 00:00:44,321 - shared_logger - WARNING - ‚ö†Ô∏è No new OHLCV data for INV-USD (ohlcv_manager.py:85)
2025-05-02 00:00:53,600 - shared_logger - WARNING - ‚ö†Ô∏è No new OHLCV data for OCEAN-USD (ohlcv_manager.py:85)
2025-05-02 00:01:03,601 - shared_logger - WARNING - ‚ö†Ô∏è No new OHLCV data for OCEAN-USD (ohlcv_manager.py:85)
2025-05-02 00:01:06,283 - shared_logger - WARNING - ‚ö†Ô∏è No new OHLCV data for WELL-USD (ohlcv_manager.py:85)
2025-05-02 00:01:09,310 - shared_logger - WARNING - ‚ö†Ô∏è No new OHLCV data for SD-USD (ohlcv_manager.py:85)
2025-05-02 00:01:11,709 - shared_logger - WARNING - ‚ö†Ô∏è No new OHLCV data for SD-USD (ohlcv_manager.py:85)
2025-05-02 00:01:14,557 - shared_logger - WARNING - ‚ö†Ô∏è No new OHLCV data for SEAM-USD (ohlcv_manager.py:85)
2025-05-02 00:01:16,949 - shared_logger - WARNING - ‚ö†Ô∏è No new OHLCV data for SEAM-USD (ohlcv_manager.py:85)
2025-05-02 00:02:20,384 - shared_logger - INFO - Starting to save shared data... (shared_data_manager.py:275)
2025-05-02 00:03:21,053 - shared_logger - INFO - üî∏Email alerts are DISABLED via EMAIL_ALERTS=False. (alert_system.py:31)
2025-05-02 00:03:21,163 - shared_logger - INFO - Database connected successfully. (database_session_manager.py:102)
2025-05-02 00:03:21,163 - shared_logger - INFO - DatabaseSessionManager initialized and connected to the database. (database_session_manager.py:112)
2025-05-02 00:03:21,201 - shared_logger - INFO - ‚úÖ Database schema initialized (tables created if they didn't exist). (database_session_manager.py:60)
2025-05-02 00:03:21,212 - shared_logger - INFO - üîπ CoinBaseAPI  initialzed debug. (coinbase_api.py:30)
2025-05-02 00:03:21,212 - shared_logger - INFO - üî∏Email alerts are DISABLED via EMAIL_ALERTS=False. (alert_system.py:31)
2025-05-02 00:03:21,212 - shared_logger - INFO - üî∏Email alerts are DISABLED via EMAIL_ALERTS=False. (alert_system.py:31)
2025-05-02 00:03:21,214 - shared_logger - INFO - üî∏Email alerts are DISABLED via EMAIL_ALERTS=False. (alert_system.py:31)
2025-05-02 00:03:21,225 - shared_logger - INFO - ‚úÖ Startup snapshot loaded from database. (shared_data_manager.py:135)
2025-05-02 00:03:30,763 - shared_logger - INFO - Starting to save shared data... (shared_data_manager.py:275)
2025-05-02 00:03:53,374 - shared_logger - WARNING - ‚ö†Ô∏è No new OHLCV data for CVC-USD (ohlcv_manager.py:85)
2025-05-02 00:03:55,753 - shared_logger - WARNING - ‚ö†Ô∏è No new OHLCV data for CVC-USD (ohlcv_manager.py:85)
2025-05-02 00:03:58,415 - shared_logger - WARNING - ‚ö†Ô∏è No new OHLCV data for MNDE-USD (ohlcv_manager.py:85)
2025-05-02 00:04:08,527 - shared_logger - WARNING - ‚ö†Ô∏è No new OHLCV data for MNDE-USD (ohlcv_manager.py:85)
2025-05-02 00:04:10,902 - shared_logger - WARNING - ‚ö†Ô∏è No new OHLCV data for PYR-USD (ohlcv_manager.py:85)
2025-05-02 00:04:13,321 - shared_logger - WARNING - ‚ö†Ô∏è No new OHLCV data for PYR-USD (ohlcv_manager.py:85)
2025-05-02 00:04:15,839 - shared_logger - WARNING - ‚ö†Ô∏è No new OHLCV data for AUCTION-USD (ohlcv_manager.py:85)
2025-05-02 00:04:18,502 - shared_logger - WARNING - ‚ö†Ô∏è No new OHLCV data for AUCTION-USD (ohlcv_manager.py:85)
2025-05-02 00:04:20,864 - shared_logger - WARNING - ‚ö†Ô∏è No new OHLCV data for YFI-USD (ohlcv_manager.py:85)
2025-05-02 00:04:23,250 - shared_logger - WARNING - ‚ö†Ô∏è No new OHLCV data for YFI-USD (ohlcv_manager.py:85)
2025-05-02 00:04:25,754 - shared_logger - WARNING - ‚ö†Ô∏è No new OHLCV data for ZEN-USD (ohlcv_manager.py:85)
2025-05-02 00:04:28,134 - shared_logger - WARNING - ‚ö†Ô∏è No new OHLCV data for ZEN-USD (ohlcv_manager.py:85)
2025-05-02 00:04:43,926 - shared_logger - WARNING - ‚ö†Ô∏è No new OHLCV data for ACS-USD (ohlcv_manager.py:85)
2025-05-02 00:04:44,185 - shared_logger - INFO - Starting to save shared data... (shared_data_manager.py:275)
2025-05-02 00:04:47,446 - shared_logger - WARNING - ‚ö†Ô∏è No new OHLCV data for ACS-USD (ohlcv_manager.py:85)
2025-05-02 00:04:58,363 - shared_logger - WARNING - ‚ö†Ô∏è No new OHLCV data for IDEX-USD (ohlcv_manager.py:85)
2025-05-02 00:05:08,205 - shared_logger - WARNING - ‚ö†Ô∏è No new OHLCV data for IDEX-USD (ohlcv_manager.py:85)
2025-05-02 00:05:10,679 - shared_logger - WARNING - ‚ö†Ô∏è No new OHLCV data for TRAC-USD (ohlcv_manager.py:85)
2025-05-02 00:05:13,056 - shared_logger - WARNING - ‚ö†Ô∏è No new OHLCV data for TRAC-USD (ohlcv_manager.py:85)
2025-05-02 00:05:15,495 - shared_logger - WARNING - ‚ö†Ô∏è No new OHLCV data for GAL-USD (ohlcv_manager.py:85)
2025-05-02 00:05:18,044 - shared_logger - WARNING - ‚ö†Ô∏è No new OHLCV data for GAL-USD (ohlcv_manager.py:85)
2025-05-02 00:05:36,356 - shared_logger - INFO - ‚úÖ Trade recorded successfully: STRK-USD buy @ 0.145 (trade_recorder.py:43)
2025-05-02 00:05:44,252 - shared_logger - INFO - Starting to save shared data... (shared_data_manager.py:275)
2025-05-02 00:05:46,120 - shared_logger - WARNING - ‚ö†Ô∏è No new OHLCV data for MOG-USD (ohlcv_manager.py:85)
2025-05-02 00:05:49,775 - shared_logger - WARNING - ‚ö†Ô∏è No new OHLCV data for MOG-USD (ohlcv_manager.py:85)
2025-05-02 00:06:35,268 - shared_logger - WARNING - ‚ö†Ô∏è No new OHLCV data for PRQ-USD (ohlcv_manager.py:85)
2025-05-02 00:06:38,403 - shared_logger - WARNING - ‚ö†Ô∏è No new OHLCV data for PRQ-USD (ohlcv_manager.py:85)
2025-05-02 00:06:41,029 - shared_logger - WARNING - ‚ö†Ô∏è No new OHLCV data for NMR-USD (ohlcv_manager.py:85)
2025-05-02 00:06:44,369 - shared_logger - WARNING - ‚ö†Ô∏è No new OHLCV data for NMR-USD (ohlcv_manager.py:85)
2025-05-02 00:06:45,125 - shared_logger - INFO - Starting to save shared data... (shared_data_manager.py:275)
2025-05-02 00:06:52,759 - shared_logger - WARNING - ‚ö†Ô∏è No new OHLCV data for GUSD-USD (ohlcv_manager.py:85)
2025-05-02 00:06:55,191 - shared_logger - WARNING - ‚ö†Ô∏è No new OHLCV data for GUSD-USD (ohlcv_manager.py:85)
2025-05-02 00:07:57,505 - shared_logger - INFO - Starting to save shared data... (shared_data_manager.py:275)
2025-05-02 00:08:05,560 - shared_logger - WARNING - ‚ö†Ô∏è No new OHLCV data for GNO-USD (ohlcv_manager.py:85)
2025-05-02 00:08:08,146 - shared_logger - WARNING - ‚ö†Ô∏è No new OHLCV data for GNO-USD (ohlcv_manager.py:85)
2025-05-02 00:08:15,724 - shared_logger - WARNING - ‚ö†Ô∏è No new OHLCV data for POLS-USD (ohlcv_manager.py:85)
2025-05-02 00:08:18,210 - shared_logger - WARNING - ‚ö†Ô∏è No new OHLCV data for POLS-USD (ohlcv_manager.py:85)
2025-05-02 00:08:46,570 - shared_logger - WARNING - ‚ö†Ô∏è No new OHLCV data for CVX-USD (ohlcv_manager.py:85)
2025-05-02 00:08:49,166 - shared_logger - WARNING - ‚ö†Ô∏è No new OHLCV data for CVX-USD (ohlcv_manager.py:85)
2025-05-02 00:08:53,215 - shared_logger - INFO - üî∏Email alerts are DISABLED via EMAIL_ALERTS=False. (alert_system.py:31)
2025-05-02 00:08:53,341 - shared_logger - INFO - Database connected successfully. (database_session_manager.py:102)
2025-05-02 00:08:53,341 - shared_logger - INFO - DatabaseSessionManager initialized and connected to the database. (database_session_manager.py:112)
2025-05-02 00:08:53,399 - shared_logger - INFO - ‚úÖ Database schema initialized (tables created if they didn't exist). (database_session_manager.py:60)
2025-05-02 00:08:53,416 - shared_logger - INFO - üîπ CoinBaseAPI  initialzed debug. (coinbase_api.py:30)
2025-05-02 00:08:53,417 - shared_logger - INFO - üî∏Email alerts are DISABLED via EMAIL_ALERTS=False. (alert_system.py:31)
2025-05-02 00:08:53,417 - shared_logger - INFO - üî∏Email alerts are DISABLED via EMAIL_ALERTS=False. (alert_system.py:31)
2025-05-02 00:08:53,419 - shared_logger - INFO - üî∏Email alerts are DISABLED via EMAIL_ALERTS=False. (alert_system.py:31)
2025-05-02 00:08:53,434 - shared_logger - INFO - ‚úÖ Startup snapshot loaded from database. (shared_data_manager.py:135)
2025-05-02 00:09:02,930 - shared_logger - INFO - Starting to save shared data... (shared_data_manager.py:275)
2025-05-02 00:10:29,544 - shared_logger - INFO - üî∏Email alerts are DISABLED via EMAIL_ALERTS=False. (alert_system.py:31)
2025-05-02 00:10:29,669 - shared_logger - INFO - Database connected successfully. (database_session_manager.py:102)
2025-05-02 00:10:29,670 - shared_logger - INFO - DatabaseSessionManager initialized and connected to the database. (database_session_manager.py:112)
2025-05-02 00:10:29,729 - shared_logger - INFO - ‚úÖ Database schema initialized (tables created if they didn't exist). (database_session_manager.py:60)
2025-05-02 00:10:29,745 - shared_logger - INFO - üîπ CoinBaseAPI  initialzed debug. (coinbase_api.py:30)
2025-05-02 00:10:29,745 - shared_logger - INFO - üî∏Email alerts are DISABLED via EMAIL_ALERTS=False. (alert_system.py:31)
2025-05-02 00:10:29,745 - shared_logger - INFO - üî∏Email alerts are DISABLED via EMAIL_ALERTS=False. (alert_system.py:31)
2025-05-02 00:10:29,747 - shared_logger - INFO - üî∏Email alerts are DISABLED via EMAIL_ALERTS=False. (alert_system.py:31)
2025-05-02 00:10:29,758 - shared_logger - INFO - ‚úÖ Startup snapshot loaded from database. (shared_data_manager.py:135)
2025-05-02 00:11:13,462 - shared_logger - INFO - Starting to save shared data... (shared_data_manager.py:275)
2025-05-02 00:12:08,236 - shared_logger - INFO - üî∏Email alerts are DISABLED via EMAIL_ALERTS=False. (alert_system.py:31)
2025-05-02 00:12:08,346 - shared_logger - INFO - Database connected successfully. (database_session_manager.py:102)
2025-05-02 00:12:08,347 - shared_logger - INFO - DatabaseSessionManager initialized and connected to the database. (database_session_manager.py:112)
2025-05-02 00:12:08,411 - shared_logger - INFO - ‚úÖ Database schema initialized (tables created if they didn't exist). (database_session_manager.py:60)
2025-05-02 00:12:08,429 - shared_logger - INFO - üîπ CoinBaseAPI  initialzed debug. (coinbase_api.py:30)
2025-05-02 00:12:08,430 - shared_logger - INFO - üî∏Email alerts are DISABLED via EMAIL_ALERTS=False. (alert_system.py:31)
2025-05-02 00:12:08,430 - shared_logger - INFO - üî∏Email alerts are DISABLED via EMAIL_ALERTS=False. (alert_system.py:31)
2025-05-02 00:12:08,432 - shared_logger - INFO - üî∏Email alerts are DISABLED via EMAIL_ALERTS=False. (alert_system.py:31)
2025-05-02 00:12:08,446 - shared_logger - INFO - ‚úÖ Startup snapshot loaded from database. (shared_data_manager.py:135)
2025-05-02 00:12:16,291 - shared_logger - INFO - Starting to save shared data... (shared_data_manager.py:275)
2025-05-02 00:13:56,664 - shared_logger - ERROR - ‚ùå Error saving shared data:  (shared_data_manager.py:291)
Traceback (most recent call last):
  File "/opt/anaconda3/envs/TradeBot/lib/python3.10/site-packages/asyncpg/connection.py", line 2329, in connect
    return await connect_utils._connect(
  File "/opt/anaconda3/envs/TradeBot/lib/python3.10/site-packages/asyncpg/connect_utils.py", line 991, in _connect
    conn = await _connect_addr(
  File "/opt/anaconda3/envs/TradeBot/lib/python3.10/site-packages/asyncpg/connect_utils.py", line 828, in _connect_addr
    return await __connect_addr(params, True, *args)
  File "/opt/anaconda3/envs/TradeBot/lib/python3.10/site-packages/asyncpg/connect_utils.py", line 873, in __connect_addr
    tr, pr = await connector
  File "/opt/anaconda3/envs/TradeBot/lib/python3.10/site-packages/asyncpg/connect_utils.py", line 752, in _create_ssl_connection
    do_ssl_upgrade = await pr.on_data
asyncio.exceptions.CancelledError

During handling of the above exception, another exception occurred:

Traceback (most recent call last):
  File "/Users/jack/Python_Projects/BotTrader/SharedDataManager/shared_data_manager.py", line 276, in save_data
    async with self.database_session_manager.engine.begin() as conn:
  File "/opt/anaconda3/envs/TradeBot/lib/python3.10/site-packages/sqlalchemy/ext/asyncio/base.py", line 66, in __aenter__
    return await self.start(is_ctxmanager=True)
  File "/opt/anaconda3/envs/TradeBot/lib/python3.10/site-packages/sqlalchemy/ext/asyncio/engine.py", line 599, in start
    await self.conn.start(is_ctxmanager=is_ctxmanager)
  File "/opt/anaconda3/envs/TradeBot/lib/python3.10/site-packages/sqlalchemy/ext/asyncio/engine.py", line 157, in start
    await (greenlet_spawn(self.sync_engine.connect))
  File "/opt/anaconda3/envs/TradeBot/lib/python3.10/site-packages/sqlalchemy/util/_concurrency_py3k.py", line 127, in greenlet_spawn
    result = context.throw(*sys.exc_info())
  File "/opt/anaconda3/envs/TradeBot/lib/python3.10/site-packages/sqlalchemy/future/engine.py", line 412, in connect
    return super(Engine, self).connect()
  File "/opt/anaconda3/envs/TradeBot/lib/python3.10/site-packages/sqlalchemy/engine/base.py", line 3325, in connect
    return self._connection_cls(self, close_with_result=close_with_result)
  File "/opt/anaconda3/envs/TradeBot/lib/python3.10/site-packages/sqlalchemy/engine/base.py", line 96, in __init__
    else engine.raw_connection()
  File "/opt/anaconda3/envs/TradeBot/lib/python3.10/site-packages/sqlalchemy/engine/base.py", line 3404, in raw_connection
    return self._wrap_pool_connect(self.pool.connect, _connection)
  File "/opt/anaconda3/envs/TradeBot/lib/python3.10/site-packages/sqlalchemy/engine/base.py", line 3371, in _wrap_pool_connect
    return fn()
  File "/opt/anaconda3/envs/TradeBot/lib/python3.10/site-packages/sqlalchemy/pool/base.py", line 327, in connect
    return _ConnectionFairy._checkout(self)
  File "/opt/anaconda3/envs/TradeBot/lib/python3.10/site-packages/sqlalchemy/pool/base.py", line 894, in _checkout
    fairy = _ConnectionRecord.checkout(pool)
  File "/opt/anaconda3/envs/TradeBot/lib/python3.10/site-packages/sqlalchemy/pool/base.py", line 493, in checkout
    rec = pool._do_get()
  File "/opt/anaconda3/envs/TradeBot/lib/python3.10/site-packages/sqlalchemy/pool/impl.py", line 145, in _do_get
    with util.safe_reraise():
  File "/opt/anaconda3/envs/TradeBot/lib/python3.10/site-packages/sqlalchemy/util/langhelpers.py", line 70, in __exit__
    compat.raise_(
  File "/opt/anaconda3/envs/TradeBot/lib/python3.10/site-packages/sqlalchemy/util/compat.py", line 211, in raise_
    raise exception
  File "/opt/anaconda3/envs/TradeBot/lib/python3.10/site-packages/sqlalchemy/pool/impl.py", line 143, in _do_get
    return self._create_connection()
  File "/opt/anaconda3/envs/TradeBot/lib/python3.10/site-packages/sqlalchemy/pool/base.py", line 273, in _create_connection
    return _ConnectionRecord(self)
  File "/opt/anaconda3/envs/TradeBot/lib/python3.10/site-packages/sqlalchemy/pool/base.py", line 388, in __init__
    self.__connect()
  File "/opt/anaconda3/envs/TradeBot/lib/python3.10/site-packages/sqlalchemy/pool/base.py", line 690, in __connect
    with util.safe_reraise():
  File "/opt/anaconda3/envs/TradeBot/lib/python3.10/site-packages/sqlalchemy/util/langhelpers.py", line 70, in __exit__
    compat.raise_(
  File "/opt/anaconda3/envs/TradeBot/lib/python3.10/site-packages/sqlalchemy/util/compat.py", line 211, in raise_
    raise exception
  File "/opt/anaconda3/envs/TradeBot/lib/python3.10/site-packages/sqlalchemy/pool/base.py", line 686, in __connect
    self.dbapi_connection = connection = pool._invoke_creator(self)
  File "/opt/anaconda3/envs/TradeBot/lib/python3.10/site-packages/sqlalchemy/engine/create.py", line 574, in connect
    return dialect.connect(*cargs, **cparams)
  File "/opt/anaconda3/envs/TradeBot/lib/python3.10/site-packages/sqlalchemy/engine/default.py", line 598, in connect
    return self.dbapi.connect(*cargs, **cparams)
  File "/opt/anaconda3/envs/TradeBot/lib/python3.10/site-packages/sqlalchemy/dialects/postgresql/asyncpg.py", line 800, in connect
    await_only(self.asyncpg.connect(*arg, **kw)),
  File "/opt/anaconda3/envs/TradeBot/lib/python3.10/site-packages/sqlalchemy/util/_concurrency_py3k.py", line 70, in await_only
    return current.parent.switch(awaitable)
  File "/opt/anaconda3/envs/TradeBot/lib/python3.10/site-packages/sqlalchemy/util/_concurrency_py3k.py", line 122, in greenlet_spawn
    value = await result
  File "/opt/anaconda3/envs/TradeBot/lib/python3.10/site-packages/asyncpg/connection.py", line 2328, in connect
    async with compat.timeout(timeout):
  File "/opt/anaconda3/envs/TradeBot/lib/python3.10/site-packages/async_timeout/__init__.py", line 179, in __aexit__
    self._do_exit(exc_type)
  File "/opt/anaconda3/envs/TradeBot/lib/python3.10/site-packages/async_timeout/__init__.py", line 265, in _do_exit
    raise asyncio.TimeoutError
asyncio.exceptions.TimeoutError
2025-05-02 00:15:23,726 - shared_logger - INFO - Starting to save shared data... (shared_data_manager.py:275)
2025-05-02 00:16:11,851 - shared_logger - WARNING - ‚ö†Ô∏è No new OHLCV data for CLV-USD (ohlcv_manager.py:85)
2025-05-02 00:16:14,219 - shared_logger - WARNING - ‚ö†Ô∏è No new OHLCV data for CLV-USD (ohlcv_manager.py:85)
2025-05-02 00:16:25,049 - shared_logger - WARNING - ‚ö†Ô∏è No new OHLCV data for WAXL-USD (ohlcv_manager.py:85)
2025-05-02 00:16:25,088 - shared_logger - INFO - Starting to save shared data... (shared_data_manager.py:275)
2025-05-02 00:16:27,423 - shared_logger - WARNING - ‚ö†Ô∏è No new OHLCV data for WAXL-USD (ohlcv_manager.py:85)
2025-05-02 00:16:39,579 - shared_logger - WARNING - ‚ö†Ô∏è No new OHLCV data for DASH-USD (ohlcv_manager.py:85)
2025-05-02 00:16:41,950 - shared_logger - WARNING - ‚ö†Ô∏è No new OHLCV data for DASH-USD (ohlcv_manager.py:85)
2025-05-02 00:17:26,129 - shared_logger - INFO - Starting to save shared data... (shared_data_manager.py:275)
2025-05-02 00:17:32,184 - shared_logger - WARNING - ‚ö†Ô∏è No new OHLCV data for SYRUP-USD (ohlcv_manager.py:85)
2025-05-02 00:17:35,041 - shared_logger - WARNING - ‚ö†Ô∏è No new OHLCV data for SYRUP-USD (ohlcv_manager.py:85)
2025-05-02 00:18:04,778 - shared_logger - WARNING - ‚ö†Ô∏è No new OHLCV data for HOPR-USD (ohlcv_manager.py:85)
2025-05-02 00:18:07,187 - shared_logger - WARNING - ‚ö†Ô∏è No new OHLCV data for HOPR-USD (ohlcv_manager.py:85)
2025-05-02 00:18:09,589 - shared_logger - WARNING - ‚ö†Ô∏è No new OHLCV data for GHST-USD (ohlcv_manager.py:85)
2025-05-02 00:18:11,965 - shared_logger - WARNING - ‚ö†Ô∏è No new OHLCV data for GHST-USD (ohlcv_manager.py:85)
2025-05-02 00:18:36,861 - shared_logger - INFO - Starting to save shared data... (shared_data_manager.py:275)
2025-05-02 00:19:13,761 - shared_logger - WARNING - ‚ö†Ô∏è No new OHLCV data for ABT-USD (ohlcv_manager.py:85)
2025-05-02 00:19:16,121 - shared_logger - WARNING - ‚ö†Ô∏è No new OHLCV data for ABT-USD (ohlcv_manager.py:85)
2025-05-02 00:19:18,493 - shared_logger - WARNING - ‚ö†Ô∏è No new OHLCV data for TRAC-USD (ohlcv_manager.py:85)
2025-05-02 00:19:20,887 - shared_logger - WARNING - ‚ö†Ô∏è No new OHLCV data for TRAC-USD (ohlcv_manager.py:85)
2025-05-02 00:19:30,566 - shared_logger - INFO - ‚úÖ Trade recorded successfully: WCFG-USD buy @ 0.153 (trade_recorder.py:43)
2025-05-02 00:19:35,217 - shared_logger - WARNING - ‚ö†Ô∏è No new OHLCV data for BLUR-USD (ohlcv_manager.py:85)
2025-05-02 00:19:37,583 - shared_logger - WARNING - ‚ö†Ô∏è No new OHLCV data for BLUR-USD (ohlcv_manager.py:85)
2025-05-02 00:19:37,899 - shared_logger - INFO - Starting to save shared data... (shared_data_manager.py:275)
2025-05-02 00:20:19,134 - shared_logger - WARNING - ‚ö†Ô∏è No new OHLCV data for YFI-USD (ohlcv_manager.py:85)
2025-05-02 00:20:21,510 - shared_logger - WARNING - ‚ö†Ô∏è No new OHLCV data for YFI-USD (ohlcv_manager.py:85)
2025-05-02 00:20:34,195 - shared_logger - ERROR - ‚ùå Error recording trade: string indices must be integers (trade_recorder.py:49)
Traceback (most recent call last):
  File "/Users/jack/Python_Projects/BotTrader/SharedDataManager/trade_recorder.py", line 27, in record_trade
    symbol=trade_data['symbol'],
TypeError: string indices must be integers
2025-05-02 00:20:34,235 - shared_logger - ERROR - ‚ùå Error recording trade: string indices must be integers (trade_recorder.py:49)
Traceback (most recent call last):
  File "/Users/jack/Python_Projects/BotTrader/SharedDataManager/trade_recorder.py", line 27, in record_trade
    symbol=trade_data['symbol'],
TypeError: string indices must be integers
2025-05-02 00:20:38,276 - shared_logger - INFO - Starting to save shared data... (shared_data_manager.py:275)
2025-05-02 00:20:45,163 - shared_logger - WARNING - ‚ö†Ô∏è No new OHLCV data for PRQ-USD (ohlcv_manager.py:85)
2025-05-02 00:20:47,869 - shared_logger - WARNING - ‚ö†Ô∏è No new OHLCV data for PRQ-USD (ohlcv_manager.py:85)
2025-05-02 00:20:55,282 - shared_logger - WARNING - ‚ö†Ô∏è No new OHLCV data for BAND-USD (ohlcv_manager.py:85)
2025-05-02 00:20:57,909 - shared_logger - WARNING - ‚ö†Ô∏è No new OHLCV data for BAND-USD (ohlcv_manager.py:85)
2025-05-02 00:21:00,354 - shared_logger - WARNING - ‚ö†Ô∏è No new OHLCV data for ARPA-USD (ohlcv_manager.py:85)
2025-05-02 00:21:03,679 - shared_logger - WARNING - ‚ö†Ô∏è No new OHLCV data for ARPA-USD (ohlcv_manager.py:85)
2025-05-02 00:21:06,231 - shared_logger - WARNING - ‚ö†Ô∏è No new OHLCV data for FARM-USD (ohlcv_manager.py:85)
2025-05-02 00:21:09,076 - shared_logger - WARNING - ‚ö†Ô∏è No new OHLCV data for FARM-USD (ohlcv_manager.py:85)
2025-05-02 00:21:38,387 - shared_logger - INFO - Starting to save shared data... (shared_data_manager.py:275)
2025-05-02 00:21:52,508 - shared_logger - WARNING - ‚ö†Ô∏è No new OHLCV data for GTC-USD (ohlcv_manager.py:85)
2025-05-02 00:21:54,868 - shared_logger - WARNING - ‚ö†Ô∏è No new OHLCV data for GTC-USD (ohlcv_manager.py:85)
2025-05-02 00:22:11,533 - shared_logger - WARNING - ‚ö†Ô∏è No new OHLCV data for NCT-USD (ohlcv_manager.py:85)
2025-05-02 00:22:14,045 - shared_logger - WARNING - ‚ö†Ô∏è No new OHLCV data for NCT-USD (ohlcv_manager.py:85)
2025-05-02 00:22:16,443 - shared_logger - WARNING - ‚ö†Ô∏è No new OHLCV data for RLC-USD (ohlcv_manager.py:85)
2025-05-02 00:22:18,818 - shared_logger - WARNING - ‚ö†Ô∏è No new OHLCV data for RLC-USD (ohlcv_manager.py:85)
2025-05-02 00:22:38,499 - shared_logger - INFO - Starting to save shared data... (shared_data_manager.py:275)
2025-05-02 00:22:54,991 - shared_logger - WARNING - ‚ö†Ô∏è No new OHLCV data for CRO-USD (ohlcv_manager.py:85)
2025-05-02 00:22:57,390 - shared_logger - WARNING - ‚ö†Ô∏è No new OHLCV data for CRO-USD (ohlcv_manager.py:85)
2025-05-02 00:22:59,796 - shared_logger - WARNING - ‚ö†Ô∏è No new OHLCV data for 00-USD (ohlcv_manager.py:85)
2025-05-02 00:23:02,193 - shared_logger - WARNING - ‚ö†Ô∏è No new OHLCV data for 00-USD (ohlcv_manager.py:85)
2025-05-02 00:23:08,967 - shared_logger - INFO - ‚úÖ Trade recorded successfully: IDEX-USD buy @ 0.0267 (trade_recorder.py:43)
2025-05-02 00:23:09,531 - shared_logger - WARNING - ‚ö†Ô∏è No new OHLCV data for IDEX-USD (ohlcv_manager.py:85)
2025-05-02 00:23:13,806 - shared_logger - WARNING - ‚ö†Ô∏è No new OHLCV data for IDEX-USD (ohlcv_manager.py:85)
2025-05-02 00:23:16,458 - shared_logger - WARNING - ‚ö†Ô∏è No new OHLCV data for LSETH-USD (ohlcv_manager.py:85)
2025-05-02 00:23:17,811 - shared_logger - INFO - ‚úÖ Trade recorded successfully: LSETH-USD buy @ 1958.61 (trade_recorder.py:43)
2025-05-02 00:23:19,247 - shared_logger - WARNING - ‚ö†Ô∏è No new OHLCV data for LSETH-USD (ohlcv_manager.py:85)
2025-05-02 00:23:31,277 - shared_logger - WARNING - ‚ö†Ô∏è No new OHLCV data for SWELL-USD (ohlcv_manager.py:85)
2025-05-02 00:23:33,657 - shared_logger - WARNING - ‚ö†Ô∏è No new OHLCV data for SWELL-USD (ohlcv_manager.py:85)
2025-05-02 00:23:36,035 - shared_logger - WARNING - ‚ö†Ô∏è No new OHLCV data for KAVA-USD (ohlcv_manager.py:85)
2025-05-02 00:23:38,419 - shared_logger - WARNING - ‚ö†Ô∏è No new OHLCV data for KAVA-USD (ohlcv_manager.py:85)
2025-05-02 00:23:38,781 - shared_logger - INFO - Starting to save shared data... (shared_data_manager.py:275)
2025-05-02 00:23:40,796 - shared_logger - WARNING - ‚ö†Ô∏è No new OHLCV data for GLM-USD (ohlcv_manager.py:85)
2025-05-02 00:23:43,165 - shared_logger - WARNING - ‚ö†Ô∏è No new OHLCV data for GLM-USD (ohlcv_manager.py:85)
2025-05-02 00:23:50,593 - shared_logger - WARNING - ‚ö†Ô∏è No new OHLCV data for DOGINME-USD (ohlcv_manager.py:85)
2025-05-02 00:23:52,961 - shared_logger - WARNING - ‚ö†Ô∏è No new OHLCV data for DOGINME-USD (ohlcv_manager.py:85)
2025-05-02 00:23:55,346 - shared_logger - WARNING - ‚ö†Ô∏è No new OHLCV data for CLANKER-USD (ohlcv_manager.py:85)
2025-05-02 00:23:57,743 - shared_logger - WARNING - ‚ö†Ô∏è No new OHLCV data for CLANKER-USD (ohlcv_manager.py:85)
2025-05-02 00:24:38,726 - shared_logger - WARNING - ‚ö†Ô∏è No new OHLCV data for MINA-USD (ohlcv_manager.py:85)
2025-05-02 00:24:38,889 - shared_logger - INFO - Starting to save shared data... (shared_data_manager.py:275)
2025-05-02 00:24:41,237 - shared_logger - WARNING - ‚ö†Ô∏è No new OHLCV data for MINA-USD (ohlcv_manager.py:85)
2025-05-02 00:24:43,611 - shared_logger - WARNING - ‚ö†Ô∏è No new OHLCV data for CHZ-USD (ohlcv_manager.py:85)
2025-05-02 00:24:46,014 - shared_logger - WARNING - ‚ö†Ô∏è No new OHLCV data for CHZ-USD (ohlcv_manager.py:85)
2025-05-02 00:24:48,394 - shared_logger - WARNING - ‚ö†Ô∏è No new OHLCV data for GUSD-USD (ohlcv_manager.py:85)
2025-05-02 00:24:53,511 - shared_logger - WARNING - ‚ö†Ô∏è No new OHLCV data for GUSD-USD (ohlcv_manager.py:85)
2025-05-02 00:25:05,557 - shared_logger - WARNING - ‚ö†Ô∏è No new OHLCV data for QI-USD (ohlcv_manager.py:85)
2025-05-02 00:25:07,896 - shared_logger - WARNING - ‚ö†Ô∏è No new OHLCV data for QI-USD (ohlcv_manager.py:85)
2025-05-02 00:25:19,743 - shared_logger - WARNING - ‚ö†Ô∏è No new OHLCV data for LPT-USD (ohlcv_manager.py:85)
2025-05-02 00:25:22,118 - shared_logger - WARNING - ‚ö†Ô∏è No new OHLCV data for LPT-USD (ohlcv_manager.py:85)
2025-05-02 00:25:24,480 - shared_logger - WARNING - ‚ö†Ô∏è No new OHLCV data for TRAC-USD (ohlcv_manager.py:85)
2025-05-02 00:25:26,843 - shared_logger - WARNING - ‚ö†Ô∏è No new OHLCV data for TRAC-USD (ohlcv_manager.py:85)
2025-05-02 00:25:29,226 - shared_logger - WARNING - ‚ö†Ô∏è No new OHLCV data for ERN-USD (ohlcv_manager.py:85)
2025-05-02 00:25:29,237 - shared_logger - INFO - ‚úÖ Trade recorded successfully: ERN-USD buy @ 1.3883 (trade_recorder.py:43)
2025-05-02 00:25:31,721 - shared_logger - WARNING - ‚ö†Ô∏è No new OHLCV data for ERN-USD (ohlcv_manager.py:85)
2025-05-02 00:25:34,098 - shared_logger - WARNING - ‚ö†Ô∏è No new OHLCV data for GYEN-USD (ohlcv_manager.py:85)
2025-05-02 00:25:36,457 - shared_logger - WARNING - ‚ö†Ô∏è No new OHLCV data for GYEN-USD (ohlcv_manager.py:85)
2025-05-02 00:25:38,998 - shared_logger - INFO - Starting to save shared data... (shared_data_manager.py:275)
2025-05-02 00:25:57,997 - shared_logger - WARNING - ‚ö†Ô∏è No new OHLCV data for CTX-USD (ohlcv_manager.py:85)
2025-05-02 00:26:00,364 - shared_logger - WARNING - ‚ö†Ô∏è No new OHLCV data for CTX-USD (ohlcv_manager.py:85)
2025-05-02 00:26:07,557 - shared_logger - WARNING - ‚ö†Ô∏è No new OHLCV data for BICO-USD (ohlcv_manager.py:85)
2025-05-02 00:26:09,965 - shared_logger - WARNING - ‚ö†Ô∏è No new OHLCV data for BICO-USD (ohlcv_manager.py:85)
2025-05-02 00:26:21,902 - shared_logger - WARNING - ‚ö†Ô∏è No new OHLCV data for RED-USD (ohlcv_manager.py:85)
2025-05-02 00:26:24,280 - shared_logger - WARNING - ‚ö†Ô∏è No new OHLCV data for RED-USD (ohlcv_manager.py:85)
2025-05-02 00:26:26,638 - shared_logger - WARNING - ‚ö†Ô∏è No new OHLCV data for MANTLE-USD (ohlcv_manager.py:85)
2025-05-02 00:26:29,025 - shared_logger - WARNING - ‚ö†Ô∏è No new OHLCV data for MANTLE-USD (ohlcv_manager.py:85)
2025-05-02 00:26:35,182 - shared_logger - ERROR - ‚ùå Error recording trade: string indices must be integers (trade_recorder.py:49)
Traceback (most recent call last):
  File "/Users/jack/Python_Projects/BotTrader/SharedDataManager/trade_recorder.py", line 27, in record_trade
    symbol=trade_data['symbol'],
TypeError: string indices must be integers
2025-05-02 00:26:35,188 - shared_logger - ERROR - ‚ùå Error recording trade: string indices must be integers (trade_recorder.py:49)
Traceback (most recent call last):
  File "/Users/jack/Python_Projects/BotTrader/SharedDataManager/trade_recorder.py", line 27, in record_trade
    symbol=trade_data['symbol'],
TypeError: string indices must be integers
2025-05-02 00:26:39,111 - shared_logger - INFO - Starting to save shared data... (shared_data_manager.py:275)
2025-05-02 00:26:49,047 - shared_logger - WARNING - ‚ö†Ô∏è No new OHLCV data for KSM-USD (ohlcv_manager.py:85)
2025-05-02 00:26:51,565 - shared_logger - WARNING - ‚ö†Ô∏è No new OHLCV data for KSM-USD (ohlcv_manager.py:85)
2025-05-02 00:26:54,115 - shared_logger - WARNING - ‚ö†Ô∏è No new OHLCV data for SUKU-USD (ohlcv_manager.py:85)
2025-05-02 00:26:56,570 - shared_logger - WARNING - ‚ö†Ô∏è No new OHLCV data for SUKU-USD (ohlcv_manager.py:85)
2025-05-02 00:26:59,040 - shared_logger - WARNING - ‚ö†Ô∏è No new OHLCV data for POND-USD (ohlcv_manager.py:85)
2025-05-02 00:27:01,421 - shared_logger - WARNING - ‚ö†Ô∏è No new OHLCV data for POND-USD (ohlcv_manager.py:85)
2025-05-02 00:27:04,428 - shared_logger - INFO - ‚úÖ Trade recorded successfully: RBN-USD buy @ 0.14741 (trade_recorder.py:43)
2025-05-02 00:27:27,024 - shared_logger - ERROR - ‚ùå Error recording trade: string indices must be integers (trade_recorder.py:49)
Traceback (most recent call last):
  File "/Users/jack/Python_Projects/BotTrader/SharedDataManager/trade_recorder.py", line 27, in record_trade
    symbol=trade_data['symbol'],
TypeError: string indices must be integers
2025-05-02 00:27:27,028 - shared_logger - ERROR - ‚ùå Error recording trade: string indices must be integers (trade_recorder.py:49)
Traceback (most recent call last):
  File "/Users/jack/Python_Projects/BotTrader/SharedDataManager/trade_recorder.py", line 27, in record_trade
    symbol=trade_data['symbol'],
TypeError: string indices must be integers
2025-05-02 00:27:39,227 - shared_logger - INFO - Starting to save shared data... (shared_data_manager.py:275)
2025-05-02 00:27:40,044 - shared_logger - WARNING - ‚ö†Ô∏è No new OHLCV data for FIDA-USD (ohlcv_manager.py:85)
2025-05-02 00:27:42,414 - shared_logger - WARNING - ‚ö†Ô∏è No new OHLCV data for FIDA-USD (ohlcv_manager.py:85)
2025-05-02 00:28:05,580 - shared_logger - WARNING - ‚ö†Ô∏è No new OHLCV data for ETC-USD (ohlcv_manager.py:85)
2025-05-02 00:28:07,954 - shared_logger - WARNING - ‚ö†Ô∏è No new OHLCV data for ETC-USD (ohlcv_manager.py:85)
2025-05-02 00:28:10,382 - shared_logger - WARNING - ‚ö†Ô∏è No new OHLCV data for XYO-USD (ohlcv_manager.py:85)
2025-05-02 00:28:12,756 - shared_logger - WARNING - ‚ö†Ô∏è No new OHLCV data for XYO-USD (ohlcv_manager.py:85)
2025-05-02 00:28:39,339 - shared_logger - INFO - Starting to save shared data... (shared_data_manager.py:275)
2025-05-02 00:29:39,415 - shared_logger - INFO - Starting to save shared data... (shared_data_manager.py:275)
2025-05-02 00:30:11,872 - shared_logger - ERROR - ‚ùå Error recording trade: string indices must be integers (trade_recorder.py:49)
Traceback (most recent call last):
  File "/Users/jack/Python_Projects/BotTrader/SharedDataManager/trade_recorder.py", line 27, in record_trade
    symbol=trade_data['symbol'],
TypeError: string indices must be integers
2025-05-02 00:30:11,877 - shared_logger - ERROR - ‚ùå Error recording trade: string indices must be integers (trade_recorder.py:49)
Traceback (most recent call last):
  File "/Users/jack/Python_Projects/BotTrader/SharedDataManager/trade_recorder.py", line 27, in record_trade
    symbol=trade_data['symbol'],
TypeError: string indices must be integers
2025-05-02 00:30:11,883 - shared_logger - ERROR - ‚ùå Error recording trade: string indices must be integers (trade_recorder.py:49)
Traceback (most recent call last):
  File "/Users/jack/Python_Projects/BotTrader/SharedDataManager/trade_recorder.py", line 27, in record_trade
    symbol=trade_data['symbol'],
TypeError: string indices must be integers
2025-05-02 00:30:12,321 - shared_logger - WARNING - ‚ö†Ô∏è No new OHLCV data for MANA-USD (ohlcv_manager.py:85)
2025-05-02 00:30:14,814 - shared_logger - WARNING - ‚ö†Ô∏è No new OHLCV data for MANA-USD (ohlcv_manager.py:85)
2025-05-02 00:30:17,170 - shared_logger - WARNING - ‚ö†Ô∏è No new OHLCV data for ANKR-USD (ohlcv_manager.py:85)
2025-05-02 00:30:19,554 - shared_logger - WARNING - ‚ö†Ô∏è No new OHLCV data for ANKR-USD (ohlcv_manager.py:85)
2025-05-02 00:30:21,896 - shared_logger - WARNING - ‚ö†Ô∏è No new OHLCV data for FIDA-USD (ohlcv_manager.py:85)
2025-05-02 00:30:24,773 - shared_logger - WARNING - ‚ö†Ô∏è No new OHLCV data for FIDA-USD (ohlcv_manager.py:85)
2025-05-02 00:30:36,881 - shared_logger - WARNING - ‚ö†Ô∏è No new OHLCV data for RLC-USD (ohlcv_manager.py:85)
2025-05-02 00:30:39,255 - shared_logger - WARNING - ‚ö†Ô∏è No new OHLCV data for RLC-USD (ohlcv_manager.py:85)
2025-05-02 00:30:39,590 - shared_logger - INFO - Starting to save shared data... (shared_data_manager.py:275)
2025-05-02 00:30:41,602 - shared_logger - WARNING - ‚ö†Ô∏è No new OHLCV data for POWR-USD (ohlcv_manager.py:85)
2025-05-02 00:30:44,002 - shared_logger - WARNING - ‚ö†Ô∏è No new OHLCV data for POWR-USD (ohlcv_manager.py:85)
2025-05-02 00:30:46,511 - shared_logger - WARNING - ‚ö†Ô∏è No new OHLCV data for GAL-USD (ohlcv_manager.py:85)
2025-05-02 00:30:48,883 - shared_logger - WARNING - ‚ö†Ô∏è No new OHLCV data for GAL-USD (ohlcv_manager.py:85)
2025-05-02 00:30:55,997 - shared_logger - WARNING - ‚ö†Ô∏è No new OHLCV data for KARRAT-USD (ohlcv_manager.py:85)
2025-05-02 00:31:01,234 - shared_logger - WARNING - ‚ö†Ô∏è No new OHLCV data for LPT-USD (ohlcv_manager.py:85)
2025-05-02 00:31:03,611 - shared_logger - WARNING - ‚ö†Ô∏è No new OHLCV data for LPT-USD (ohlcv_manager.py:85)
2025-05-02 00:31:05,976 - shared_logger - WARNING - ‚ö†Ô∏è No new OHLCV data for SEAM-USD (ohlcv_manager.py:85)
2025-05-02 00:31:08,357 - shared_logger - WARNING - ‚ö†Ô∏è No new OHLCV data for SEAM-USD (ohlcv_manager.py:85)
2025-05-02 00:31:11,372 - shared_logger - WARNING - ‚ö†Ô∏è No new OHLCV data for OMNI-USD (ohlcv_manager.py:85)
2025-05-02 00:31:11,383 - shared_logger - INFO - ‚úÖ Trade recorded successfully: RBN-USD buy @ 0.14748 (trade_recorder.py:43)
2025-05-02 00:31:13,776 - shared_logger - WARNING - ‚ö†Ô∏è No new OHLCV data for OMNI-USD (ohlcv_manager.py:85)
2025-05-02 00:31:20,911 - shared_logger - WARNING - ‚ö†Ô∏è No new OHLCV data for AST-USD (ohlcv_manager.py:85)
2025-05-02 00:31:23,492 - shared_logger - WARNING - ‚ö†Ô∏è No new OHLCV data for MLN-USD (ohlcv_manager.py:85)
2025-05-02 00:31:26,004 - shared_logger - WARNING - ‚ö†Ô∏è No new OHLCV data for MLN-USD (ohlcv_manager.py:85)
2025-05-02 00:31:33,297 - shared_logger - WARNING - ‚ö†Ô∏è No new OHLCV data for ZK-USD (ohlcv_manager.py:85)
2025-05-02 00:31:35,644 - shared_logger - WARNING - ‚ö†Ô∏è No new OHLCV data for ZK-USD (ohlcv_manager.py:85)
2025-05-02 00:31:38,016 - shared_logger - WARNING - ‚ö†Ô∏è No new OHLCV data for FORT-USD (ohlcv_manager.py:85)
2025-05-02 00:31:39,680 - shared_logger - INFO - Starting to save shared data... (shared_data_manager.py:275)
2025-05-02 00:31:40,502 - shared_logger - WARNING - ‚ö†Ô∏è No new OHLCV data for FORT-USD (ohlcv_manager.py:85)
2025-05-02 00:31:42,896 - shared_logger - WARNING - ‚ö†Ô∏è No new OHLCV data for 1INCH-USD (ohlcv_manager.py:85)
2025-05-02 00:31:45,388 - shared_logger - WARNING - ‚ö†Ô∏è No new OHLCV data for 1INCH-USD (ohlcv_manager.py:85)
2025-05-02 00:31:49,977 - shared_logger - INFO - ‚úÖ Trade recorded successfully: INDEX-USD buy @ 1.56 (trade_recorder.py:43)
2025-05-02 00:31:51,965 - shared_logger - WARNING - ‚ö†Ô∏è No new OHLCV data for INDEX-USD (ohlcv_manager.py:85)
2025-05-02 00:31:53,916 - shared_logger - ERROR - ‚ùå Error recording trade: string indices must be integers (trade_recorder.py:49)
Traceback (most recent call last):
  File "/Users/jack/Python_Projects/BotTrader/SharedDataManager/trade_recorder.py", line 27, in record_trade
    symbol=trade_data['symbol'],
TypeError: string indices must be integers
2025-05-02 00:31:53,919 - shared_logger - ERROR - ‚ùå Error recording trade: string indices must be integers (trade_recorder.py:49)
Traceback (most recent call last):
  File "/Users/jack/Python_Projects/BotTrader/SharedDataManager/trade_recorder.py", line 27, in record_trade
    symbol=trade_data['symbol'],
TypeError: string indices must be integers
2025-05-02 00:31:54,751 - shared_logger - WARNING - ‚ö†Ô∏è No new OHLCV data for INDEX-USD (ohlcv_manager.py:85)
2025-05-02 00:31:57,873 - shared_logger - WARNING - ‚ö†Ô∏è No new OHLCV data for AUCTION-USD (ohlcv_manager.py:85)
2025-05-02 00:32:00,227 - shared_logger - WARNING - ‚ö†Ô∏è No new OHLCV data for DAI-USD (ohlcv_manager.py:85)
2025-05-02 00:32:02,566 - shared_logger - WARNING - ‚ö†Ô∏è No new OHLCV data for MNDE-USD (ohlcv_manager.py:85)
2025-05-02 00:32:04,920 - shared_logger - WARNING - ‚ö†Ô∏è No new OHLCV data for MNDE-USD (ohlcv_manager.py:85)
2025-05-02 00:32:39,789 - shared_logger - INFO - Starting to save shared data... (shared_data_manager.py:275)
2025-05-02 00:34:36,906 - shared_logger - INFO - Starting to save shared data... (shared_data_manager.py:275)
2025-05-02 00:35:05,252 - shared_logger - WARNING - ‚ö†Ô∏è No new OHLCV data for NEON-USD (ohlcv_manager.py:85)
2025-05-02 00:35:09,888 - shared_logger - WARNING - ‚ö†Ô∏è No new OHLCV data for NEON-USD (ohlcv_manager.py:85)
2025-05-02 00:35:12,364 - shared_logger - WARNING - ‚ö†Ô∏è No new OHLCV data for LSETH-USD (ohlcv_manager.py:85)
2025-05-02 00:35:14,843 - shared_logger - WARNING - ‚ö†Ô∏è No new OHLCV data for LSETH-USD (ohlcv_manager.py:85)
2025-05-02 00:35:26,542 - shared_logger - INFO - ‚úÖ Trade recorded successfully: SHDW-USD buy @ 0.146 (trade_recorder.py:43)
2025-05-02 00:35:31,957 - shared_logger - WARNING - ‚ö†Ô∏è No new OHLCV data for ALCX-USD (ohlcv_manager.py:85)
2025-05-02 00:35:43,054 - shared_logger - INFO - Starting to save shared data... (shared_data_manager.py:275)
2025-05-02 00:36:12,987 - shared_logger - WARNING - ‚ö†Ô∏è No new OHLCV data for AXL-USD (ohlcv_manager.py:85)
2025-05-02 00:36:20,188 - shared_logger - WARNING - ‚ö†Ô∏è No new OHLCV data for FARM-USD (ohlcv_manager.py:85)
2025-05-02 00:36:22,741 - shared_logger - WARNING - ‚ö†Ô∏è No new OHLCV data for FARM-USD (ohlcv_manager.py:85)
2025-05-02 00:36:24,921 - shared_logger - INFO - ‚úÖ Trade recorded successfully: DNT-USD buy @ 0.0305 (trade_recorder.py:43)
2025-05-02 00:36:25,849 - shared_logger - WARNING - ‚ö†Ô∏è No new OHLCV data for DNT-USD (ohlcv_manager.py:85)
2025-05-02 00:36:28,231 - shared_logger - WARNING - ‚ö†Ô∏è No new OHLCV data for DNT-USD (ohlcv_manager.py:85)
2025-05-02 00:36:30,604 - shared_logger - WARNING - ‚ö†Ô∏è No new OHLCV data for SUKU-USD (ohlcv_manager.py:85)
2025-05-02 00:36:33,028 - shared_logger - WARNING - ‚ö†Ô∏è No new OHLCV data for SUKU-USD (ohlcv_manager.py:85)
2025-05-02 00:36:35,370 - shared_logger - WARNING - ‚ö†Ô∏è No new OHLCV data for OSMO-USD (ohlcv_manager.py:85)
2025-05-02 00:36:37,751 - shared_logger - WARNING - ‚ö†Ô∏è No new OHLCV data for OSMO-USD (ohlcv_manager.py:85)
2025-05-02 00:36:43,151 - shared_logger - INFO - Starting to save shared data... (shared_data_manager.py:275)
2025-05-02 00:36:57,023 - shared_logger - WARNING - ‚ö†Ô∏è No new OHLCV data for SWELL-USD (ohlcv_manager.py:85)
2025-05-02 00:36:59,392 - shared_logger - WARNING - ‚ö†Ô∏è No new OHLCV data for SWELL-USD (ohlcv_manager.py:85)
2025-05-02 00:37:01,771 - shared_logger - WARNING - ‚ö†Ô∏è No new OHLCV data for WAXL-USD (ohlcv_manager.py:85)
2025-05-02 00:37:04,162 - shared_logger - WARNING - ‚ö†Ô∏è No new OHLCV data for WAXL-USD (ohlcv_manager.py:85)
2025-05-02 00:37:31,937 - shared_logger - WARNING - ‚ö†Ô∏è No new OHLCV data for NMR-USD (ohlcv_manager.py:85)
2025-05-02 00:37:46,350 - shared_logger - INFO - Starting to save shared data... (shared_data_manager.py:275)
2025-05-02 00:37:46,919 - shared_logger - WARNING - ‚ö†Ô∏è No new OHLCV data for STORJ-USD (ohlcv_manager.py:85)
2025-05-02 00:37:49,340 - shared_logger - WARNING - ‚ö†Ô∏è No new OHLCV data for STORJ-USD (ohlcv_manager.py:85)
2025-05-02 00:38:02,471 - shared_logger - INFO - ‚úÖ Trade recorded successfully: AST-USD buy @ 0.0617 (trade_recorder.py:43)
2025-05-02 00:38:47,046 - shared_logger - INFO - Starting to save shared data... (shared_data_manager.py:275)
2025-05-02 00:39:44,053 - shared_logger - WARNING - ‚ö†Ô∏è No new OHLCV data for NEON-USD (ohlcv_manager.py:85)
2025-05-02 00:39:46,466 - shared_logger - WARNING - ‚ö†Ô∏è No new OHLCV data for NEON-USD (ohlcv_manager.py:85)
2025-05-02 00:39:47,150 - shared_logger - INFO - Starting to save shared data... (shared_data_manager.py:275)
2025-05-02 00:40:24,429 - shared_logger - WARNING - ‚ö†Ô∏è No new OHLCV data for QI-USD (ohlcv_manager.py:85)
2025-05-02 00:40:26,792 - shared_logger - WARNING - ‚ö†Ô∏è No new OHLCV data for QI-USD (ohlcv_manager.py:85)
2025-05-02 00:40:47,243 - shared_logger - INFO - Starting to save shared data... (shared_data_manager.py:275)
2025-05-02 00:40:52,966 - shared_logger - WARNING - ‚ö†Ô∏è No new OHLCV data for SUKU-USD (ohlcv_manager.py:85)
2025-05-02 00:40:55,326 - shared_logger - WARNING - ‚ö†Ô∏è No new OHLCV data for SUKU-USD (ohlcv_manager.py:85)
2025-05-02 00:41:38,668 - shared_logger - WARNING - ‚ö†Ô∏è No new OHLCV data for CLV-USD (ohlcv_manager.py:85)
2025-05-02 00:41:41,051 - shared_logger - WARNING - ‚ö†Ô∏è No new OHLCV data for CLV-USD (ohlcv_manager.py:85)
2025-05-02 00:41:43,449 - shared_logger - WARNING - ‚ö†Ô∏è No new OHLCV data for EIGEN-USD (ohlcv_manager.py:85)
2025-05-02 00:41:45,837 - shared_logger - WARNING - ‚ö†Ô∏è No new OHLCV data for EIGEN-USD (ohlcv_manager.py:85)
2025-05-02 00:41:47,355 - shared_logger - INFO - Starting to save shared data... (shared_data_manager.py:275)
2025-05-02 00:41:52,975 - shared_logger - WARNING - ‚ö†Ô∏è No new OHLCV data for ELA-USD (ohlcv_manager.py:85)
2025-05-02 00:41:56,878 - shared_logger - WARNING - ‚ö†Ô∏è No new OHLCV data for ELA-USD (ohlcv_manager.py:85)
2025-05-02 00:41:59,393 - shared_logger - WARNING - ‚ö†Ô∏è No new OHLCV data for TIME-USD (ohlcv_manager.py:85)
2025-05-02 00:42:01,774 - shared_logger - WARNING - ‚ö†Ô∏è No new OHLCV data for TIME-USD (ohlcv_manager.py:85)
2025-05-02 00:42:14,067 - shared_logger - WARNING - ‚ö†Ô∏è No new OHLCV data for 00-USD (ohlcv_manager.py:85)
2025-05-02 00:42:16,471 - shared_logger - WARNING - ‚ö†Ô∏è No new OHLCV data for 00-USD (ohlcv_manager.py:85)
2025-05-02 00:42:18,842 - shared_logger - WARNING - ‚ö†Ô∏è No new OHLCV data for MDT-USD (ohlcv_manager.py:85)
2025-05-02 00:42:21,225 - shared_logger - WARNING - ‚ö†Ô∏è No new OHLCV data for MDT-USD (ohlcv_manager.py:85)
2025-05-02 00:42:23,633 - shared_logger - WARNING - ‚ö†Ô∏è No new OHLCV data for GUSD-USD (ohlcv_manager.py:85)
2025-05-02 00:42:26,145 - shared_logger - WARNING - ‚ö†Ô∏è No new OHLCV data for GUSD-USD (ohlcv_manager.py:85)
2025-05-02 00:42:47,453 - shared_logger - INFO - Starting to save shared data... (shared_data_manager.py:275)
2025-05-02 00:43:41,908 - shared_logger - WARNING - ‚ö†Ô∏è No new OHLCV data for RARI-USD (ohlcv_manager.py:85)
2025-05-02 00:43:44,333 - shared_logger - WARNING - ‚ö†Ô∏è No new OHLCV data for RARI-USD (ohlcv_manager.py:85)
2025-05-02 00:43:47,523 - shared_logger - INFO - Starting to save shared data... (shared_data_manager.py:275)
2025-05-02 00:43:56,211 - shared_logger - WARNING - ‚ö†Ô∏è No new OHLCV data for GAL-USD (ohlcv_manager.py:85)
2025-05-02 00:43:58,592 - shared_logger - WARNING - ‚ö†Ô∏è No new OHLCV data for GAL-USD (ohlcv_manager.py:85)
2025-05-02 00:44:20,321 - shared_logger - WARNING - ‚ö†Ô∏è No new OHLCV data for ABT-USD (ohlcv_manager.py:85)
2025-05-02 00:44:22,729 - shared_logger - WARNING - ‚ö†Ô∏è No new OHLCV data for ABT-USD (ohlcv_manager.py:85)
2025-05-02 00:44:41,126 - shared_logger - WARNING - ‚ö†Ô∏è No new OHLCV data for AVT-USD (ohlcv_manager.py:85)
2025-05-02 00:44:43,501 - shared_logger - WARNING - ‚ö†Ô∏è No new OHLCV data for AVT-USD (ohlcv_manager.py:85)
2025-05-02 00:44:45,853 - shared_logger - WARNING - ‚ö†Ô∏è No new OHLCV data for KNC-USD (ohlcv_manager.py:85)
2025-05-02 00:44:47,616 - shared_logger - INFO - Starting to save shared data... (shared_data_manager.py:275)
2025-05-02 00:44:48,366 - shared_logger - WARNING - ‚ö†Ô∏è No new OHLCV data for KNC-USD (ohlcv_manager.py:85)
2025-05-02 00:44:50,757 - shared_logger - WARNING - ‚ö†Ô∏è No new OHLCV data for WAXL-USD (ohlcv_manager.py:85)
2025-05-02 00:44:53,152 - shared_logger - WARNING - ‚ö†Ô∏è No new OHLCV data for WAXL-USD (ohlcv_manager.py:85)
2025-05-02 00:45:05,102 - shared_logger - WARNING - ‚ö†Ô∏è No new OHLCV data for A8-USD (ohlcv_manager.py:85)
2025-05-02 00:45:07,462 - shared_logger - WARNING - ‚ö†Ô∏è No new OHLCV data for A8-USD (ohlcv_manager.py:85)
2025-05-02 00:45:09,821 - shared_logger - WARNING - ‚ö†Ô∏è No new OHLCV data for DIMO-USD (ohlcv_manager.py:85)
2025-05-02 00:45:47,731 - shared_logger - INFO - Starting to save shared data... (shared_data_manager.py:275)
2025-05-02 00:45:48,973 - shared_logger - WARNING - ‚ö†Ô∏è No new OHLCV data for PRQ-USD (ohlcv_manager.py:85)
2025-05-02 00:45:51,372 - shared_logger - WARNING - ‚ö†Ô∏è No new OHLCV data for PRQ-USD (ohlcv_manager.py:85)
2025-05-02 00:45:53,707 - shared_logger - WARNING - ‚ö†Ô∏è No new OHLCV data for API3-USD (ohlcv_manager.py:85)
2025-05-02 00:45:56,086 - shared_logger - WARNING - ‚ö†Ô∏è No new OHLCV data for API3-USD (ohlcv_manager.py:85)
2025-05-02 00:45:58,459 - shared_logger - WARNING - ‚ö†Ô∏è No new OHLCV data for MSOL-USD (ohlcv_manager.py:85)
2025-05-02 00:46:00,901 - shared_logger - WARNING - ‚ö†Ô∏è No new OHLCV data for MSOL-USD (ohlcv_manager.py:85)
2025-05-02 00:46:14,730 - shared_logger - WARNING - ‚ö†Ô∏è No new OHLCV data for IP-USD (ohlcv_manager.py:85)
2025-05-02 00:46:17,158 - shared_logger - WARNING - ‚ö†Ô∏è No new OHLCV data for IP-USD (ohlcv_manager.py:85)
2025-05-02 00:46:19,547 - shared_logger - WARNING - ‚ö†Ô∏è No new OHLCV data for ZEN-USD (ohlcv_manager.py:85)
2025-05-02 00:46:26,834 - shared_logger - WARNING - ‚ö†Ô∏è No new OHLCV data for KRL-USD (ohlcv_manager.py:85)
2025-05-02 00:46:29,223 - shared_logger - WARNING - ‚ö†Ô∏è No new OHLCV data for KRL-USD (ohlcv_manager.py:85)
2025-05-02 00:48:22,406 - shared_logger - INFO - üî∏Email alerts are DISABLED via EMAIL_ALERTS=False. (alert_system.py:31)
2025-05-02 00:48:22,509 - shared_logger - INFO - Database connected successfully. (database_session_manager.py:102)
2025-05-02 00:48:22,509 - shared_logger - INFO - DatabaseSessionManager initialized and connected to the database. (database_session_manager.py:112)
2025-05-02 00:48:22,552 - shared_logger - INFO - ‚úÖ Database schema initialized (tables created if they didn't exist). (database_session_manager.py:60)
2025-05-02 00:48:22,569 - shared_logger - INFO - üîπ CoinBaseAPI  initialzed debug. (coinbase_api.py:30)
2025-05-02 00:48:22,569 - shared_logger - INFO - üî∏Email alerts are DISABLED via EMAIL_ALERTS=False. (alert_system.py:31)
2025-05-02 00:48:22,569 - shared_logger - INFO - üî∏Email alerts are DISABLED via EMAIL_ALERTS=False. (alert_system.py:31)
2025-05-02 00:48:22,571 - shared_logger - INFO - üî∏Email alerts are DISABLED via EMAIL_ALERTS=False. (alert_system.py:31)
2025-05-02 00:48:22,582 - shared_logger - INFO - ‚úÖ Startup snapshot loaded from database. (shared_data_manager.py:135)
2025-05-02 00:48:34,109 - shared_logger - INFO - Starting to save shared data... (shared_data_manager.py:275)
2025-05-02 00:49:09,436 - shared_logger - WARNING - ‚ö†Ô∏è No new OHLCV data for VTHO-USD (ohlcv_manager.py:85)
2025-05-02 00:49:12,056 - shared_logger - WARNING - ‚ö†Ô∏è No new OHLCV data for VTHO-USD (ohlcv_manager.py:85)
2025-05-02 00:49:15,643 - shared_logger - WARNING - ‚ö†Ô∏è No new OHLCV data for FARM-USD (ohlcv_manager.py:85)
2025-05-02 00:49:18,161 - shared_logger - WARNING - ‚ö†Ô∏è No new OHLCV data for FARM-USD (ohlcv_manager.py:85)
2025-05-02 00:49:25,175 - shared_logger - WARNING - ‚ö†Ô∏è No new OHLCV data for FORTH-USD (ohlcv_manager.py:85)
2025-05-02 00:49:27,710 - shared_logger - WARNING - ‚ö†Ô∏è No new OHLCV data for FORTH-USD (ohlcv_manager.py:85)
2025-05-02 00:49:48,781 - shared_logger - WARNING - ‚ö†Ô∏è No new OHLCV data for FORT-USD (ohlcv_manager.py:85)
2025-05-02 00:49:51,225 - shared_logger - WARNING - ‚ö†Ô∏è No new OHLCV data for FORT-USD (ohlcv_manager.py:85)
2025-05-02 00:50:03,327 - shared_logger - WARNING - ‚ö†Ô∏è No new OHLCV data for OSMO-USD (ohlcv_manager.py:85)
2025-05-02 00:50:05,778 - shared_logger - WARNING - ‚ö†Ô∏è No new OHLCV data for OSMO-USD (ohlcv_manager.py:85)
2025-05-02 00:50:07,652 - shared_logger - INFO - Starting to save shared data... (shared_data_manager.py:275)
2025-05-02 00:50:22,497 - shared_logger - WARNING - ‚ö†Ô∏è No new OHLCV data for ACX-USD (ohlcv_manager.py:85)
2025-05-02 00:50:24,903 - shared_logger - WARNING - ‚ö†Ô∏è No new OHLCV data for ACX-USD (ohlcv_manager.py:85)
2025-05-02 00:50:44,601 - shared_logger - WARNING - ‚ö†Ô∏è No new OHLCV data for 00-USD (ohlcv_manager.py:85)
2025-05-02 00:50:46,985 - shared_logger - WARNING - ‚ö†Ô∏è No new OHLCV data for 00-USD (ohlcv_manager.py:85)
2025-05-02 00:51:16,631 - shared_logger - INFO - Starting to save shared data... (shared_data_manager.py:275)
2025-05-02 00:51:16,958 - shared_logger - WARNING - ‚ö†Ô∏è No new OHLCV data for REQ-USD (ohlcv_manager.py:85)
2025-05-02 00:51:21,295 - shared_logger - WARNING - ‚ö†Ô∏è No new OHLCV data for REQ-USD (ohlcv_manager.py:85)
2025-05-02 00:51:23,677 - shared_logger - WARNING - ‚ö†Ô∏è No new OHLCV data for KRL-USD (ohlcv_manager.py:85)
2025-05-02 00:51:26,056 - shared_logger - WARNING - ‚ö†Ô∏è No new OHLCV data for KRL-USD (ohlcv_manager.py:85)
2025-05-02 00:51:28,443 - shared_logger - WARNING - ‚ö†Ô∏è No new OHLCV data for GYEN-USD (ohlcv_manager.py:85)
2025-05-02 00:51:30,823 - shared_logger - WARNING - ‚ö†Ô∏è No new OHLCV data for GYEN-USD (ohlcv_manager.py:85)
2025-05-02 00:51:42,834 - shared_logger - WARNING - ‚ö†Ô∏è No new OHLCV data for TIME-USD (ohlcv_manager.py:85)
2025-05-02 00:51:45,277 - shared_logger - WARNING - ‚ö†Ô∏è No new OHLCV data for TIME-USD (ohlcv_manager.py:85)
2025-05-02 00:53:04,404 - shared_logger - INFO - Starting to save shared data... (shared_data_manager.py:275)
2025-05-02 00:53:26,371 - shared_logger - WARNING - ‚ö†Ô∏è No new OHLCV data for MATH-USD (ohlcv_manager.py:85)
2025-05-02 00:53:27,514 - shared_logger - WARNING - ‚ö†Ô∏è No new OHLCV data for BAT-USD (ohlcv_manager.py:85)
2025-05-02 00:53:28,732 - shared_logger - WARNING - ‚ö†Ô∏è No new OHLCV data for MATH-USD (ohlcv_manager.py:85)
2025-05-02 00:53:30,348 - shared_logger - WARNING - ‚ö†Ô∏è No new OHLCV data for BAT-USD (ohlcv_manager.py:85)
2025-05-02 00:53:39,703 - shared_logger - WARNING - ‚ö†Ô∏è No new OHLCV data for OXT-USD (ohlcv_manager.py:85)
2025-05-02 00:53:42,799 - shared_logger - WARNING - ‚ö†Ô∏è No new OHLCV data for OXT-USD (ohlcv_manager.py:85)
2025-05-02 00:53:46,038 - shared_logger - WARNING - ‚ö†Ô∏è No new OHLCV data for ALT-USD (ohlcv_manager.py:85)
2025-05-02 00:53:59,049 - shared_logger - WARNING - ‚ö†Ô∏è No new OHLCV data for ALT-USD (ohlcv_manager.py:85)
2025-05-02 00:54:02,552 - shared_logger - WARNING - ‚ö†Ô∏è No new OHLCV data for 1INCH-USD (ohlcv_manager.py:85)
2025-05-02 00:54:04,900 - shared_logger - WARNING - ‚ö†Ô∏è No new OHLCV data for 1INCH-USD (ohlcv_manager.py:85)
2025-05-02 00:54:07,283 - shared_logger - WARNING - ‚ö†Ô∏è No new OHLCV data for CVC-USD (ohlcv_manager.py:85)
2025-05-02 00:54:09,683 - shared_logger - WARNING - ‚ö†Ô∏è No new OHLCV data for CVC-USD (ohlcv_manager.py:85)
2025-05-02 00:54:12,333 - shared_logger - WARNING - ‚ö†Ô∏è No new OHLCV data for CHZ-USD (ohlcv_manager.py:85)
2025-05-02 00:54:13,337 - shared_logger - WARNING - ‚ö†Ô∏è No new OHLCV data for DASH-USD (ohlcv_manager.py:85)
2025-05-02 00:54:14,114 - shared_logger - INFO - Starting to save shared data... (shared_data_manager.py:275)
2025-05-02 00:54:14,707 - shared_logger - WARNING - ‚ö†Ô∏è No new OHLCV data for CHZ-USD (ohlcv_manager.py:85)
2025-05-02 00:54:16,277 - shared_logger - WARNING - ‚ö†Ô∏è No new OHLCV data for DASH-USD (ohlcv_manager.py:85)
2025-05-02 00:54:18,694 - shared_logger - WARNING - ‚ö†Ô∏è No new OHLCV data for PNG-USD (ohlcv_manager.py:85)
2025-05-02 00:54:21,058 - shared_logger - WARNING - ‚ö†Ô∏è No new OHLCV data for PNG-USD (ohlcv_manager.py:85)
2025-05-02 00:54:23,434 - shared_logger - WARNING - ‚ö†Ô∏è No new OHLCV data for ERN-USD (ohlcv_manager.py:85)
2025-05-02 00:54:25,639 - shared_logger - WARNING - ‚ö†Ô∏è No new OHLCV data for BLUR-USD (ohlcv_manager.py:85)
2025-05-02 00:54:26,476 - shared_logger - WARNING - ‚ö†Ô∏è No new OHLCV data for ERN-USD (ohlcv_manager.py:85)
2025-05-02 00:54:28,635 - shared_logger - WARNING - ‚ö†Ô∏è No new OHLCV data for BLUR-USD (ohlcv_manager.py:85)
2025-05-02 00:54:29,635 - shared_logger - WARNING - ‚ö†Ô∏è No new OHLCV data for GUSD-USD (ohlcv_manager.py:85)
2025-05-02 00:54:31,709 - shared_logger - WARNING - ‚ö†Ô∏è No new OHLCV data for TNSR-USD (ohlcv_manager.py:85)
2025-05-02 00:54:32,524 - shared_logger - WARNING - ‚ö†Ô∏è No new OHLCV data for GUSD-USD (ohlcv_manager.py:85)
2025-05-02 00:54:33,605 - shared_logger - INFO - ‚úÖ Trade recorded successfully: TNSR-USD buy @ 0.151 (trade_recorder.py:43)
2025-05-02 00:54:38,953 - shared_logger - WARNING - ‚ö†Ô∏è No new OHLCV data for TNSR-USD (ohlcv_manager.py:85)
2025-05-02 00:54:41,326 - shared_logger - WARNING - ‚ö†Ô∏è No new OHLCV data for GHST-USD (ohlcv_manager.py:85)
2025-05-02 00:54:44,607 - shared_logger - WARNING - ‚ö†Ô∏è No new OHLCV data for GHST-USD (ohlcv_manager.py:85)
2025-05-02 00:54:54,580 - shared_logger - WARNING - ‚ö†Ô∏è No new OHLCV data for XYO-USD (ohlcv_manager.py:85)
2025-05-02 00:54:57,617 - shared_logger - WARNING - ‚ö†Ô∏è No new OHLCV data for XYO-USD (ohlcv_manager.py:85)
2025-05-02 00:54:59,965 - shared_logger - WARNING - ‚ö†Ô∏è No new OHLCV data for CVC-USD (ohlcv_manager.py:85)
2025-05-02 00:55:03,221 - shared_logger - WARNING - ‚ö†Ô∏è No new OHLCV data for CVC-USD (ohlcv_manager.py:85)
2025-05-02 00:55:09,305 - shared_logger - WARNING - ‚ö†Ô∏è No new OHLCV data for LPT-USD (ohlcv_manager.py:85)
2025-05-02 00:55:11,661 - shared_logger - WARNING - ‚ö†Ô∏è No new OHLCV data for LPT-USD (ohlcv_manager.py:85)
2025-05-02 00:55:14,611 - shared_logger - INFO - Starting to save shared data... (shared_data_manager.py:275)
2025-05-02 00:55:14,875 - shared_logger - WARNING - ‚ö†Ô∏è No new OHLCV data for INV-USD (ohlcv_manager.py:85)
2025-05-02 00:55:16,454 - shared_logger - ERROR - ‚ö†Ô∏è [400] Bad Request: {"error":"INVALID_ARGUMENT","error_details":"Orderbook is in limit only mode - attached orders are not allowed","message":"Orderbook is in limit only mode - attached orders are not allowed"} (coinbase_api.py:87)
2025-05-02 00:55:17,180 - shared_logger - WARNING - ‚ö†Ô∏è No new OHLCV data for WELL-USD (ohlcv_manager.py:85)
2025-05-02 00:55:18,221 - shared_logger - WARNING - ‚ö†Ô∏è No new OHLCV data for INV-USD (ohlcv_manager.py:85)
2025-05-02 00:55:20,054 - shared_logger - WARNING - ‚ö†Ô∏è No new OHLCV data for WELL-USD (ohlcv_manager.py:85)
2025-05-02 06:14:01,984 - shared_logger - INFO - üî∏Email alerts are DISABLED via EMAIL_ALERTS=False. (alert_system.py:31)
2025-05-02 06:14:02,095 - shared_logger - INFO - Database connected successfully. (database_session_manager.py:102)
2025-05-02 06:14:02,095 - shared_logger - INFO - DatabaseSessionManager initialized and connected to the database. (database_session_manager.py:112)
2025-05-02 06:14:02,140 - shared_logger - INFO - ‚úÖ Database schema initialized (tables created if they didn't exist). (database_session_manager.py:60)
2025-05-02 06:14:02,156 - shared_logger - INFO - üîπ CoinBaseAPI  initialzed debug. (coinbase_api.py:30)
2025-05-02 06:14:02,156 - shared_logger - INFO - üî∏Email alerts are DISABLED via EMAIL_ALERTS=False. (alert_system.py:31)
2025-05-02 06:14:02,156 - shared_logger - INFO - üî∏Email alerts are DISABLED via EMAIL_ALERTS=False. (alert_system.py:31)
2025-05-02 06:14:02,158 - shared_logger - INFO - üî∏Email alerts are DISABLED via EMAIL_ALERTS=False. (alert_system.py:31)
2025-05-02 06:14:02,169 - shared_logger - INFO - ‚úÖ Startup snapshot loaded from database. (shared_data_manager.py:135)
2025-05-02 06:14:12,240 - shared_logger - INFO - Starting to save shared data... (shared_data_manager.py:275)
2025-05-02 06:14:33,303 - shared_logger - WARNING - ‚ö†Ô∏è No new OHLCV data for REQ-USD (ohlcv_manager.py:85)
2025-05-02 06:14:33,321 - shared_logger - INFO - ‚úÖ Trade recorded successfully: TNSR-USD buy @ 0.153 (trade_recorder.py:43)
2025-05-02 06:14:36,253 - shared_logger - WARNING - ‚ö†Ô∏è No new OHLCV data for REQ-USD (ohlcv_manager.py:85)
2025-05-02 06:15:16,097 - shared_logger - WARNING - ‚ö†Ô∏è No new OHLCV data for CTSI-USD (ohlcv_manager.py:85)
2025-05-02 06:15:18,460 - shared_logger - WARNING - ‚ö†Ô∏è No new OHLCV data for CTSI-USD (ohlcv_manager.py:85)
2025-05-02 06:15:31,373 - shared_logger - WARNING - ‚ö†Ô∏è No new OHLCV data for VELO-USD (ohlcv_manager.py:85)
2025-05-02 06:15:31,435 - shared_logger - INFO - Starting to save shared data... (shared_data_manager.py:275)
2025-05-02 06:15:33,768 - shared_logger - WARNING - ‚ö†Ô∏è No new OHLCV data for VELO-USD (ohlcv_manager.py:85)
2025-05-02 06:15:59,965 - shared_logger - INFO - ‚úÖ Trade recorded successfully: RAD-USD buy @ 0.81 (trade_recorder.py:43)
2025-05-02 06:16:05,385 - shared_logger - WARNING - ‚ö†Ô∏è No new OHLCV data for C98-USD (ohlcv_manager.py:85)
2025-05-02 06:16:07,797 - shared_logger - WARNING - ‚ö†Ô∏è No new OHLCV data for C98-USD (ohlcv_manager.py:85)
2025-05-02 06:16:10,264 - shared_logger - INFO - ‚úÖ Trade recorded successfully: SHDW-USD buy @ 0.150 (trade_recorder.py:43)
2025-05-02 06:16:22,770 - shared_logger - WARNING - ‚ö†Ô∏è No new OHLCV data for DIMO-USD (ohlcv_manager.py:85)
2025-05-02 06:16:30,240 - shared_logger - WARNING - ‚ö†Ô∏è No new OHLCV data for ALT-USD (ohlcv_manager.py:85)
2025-05-02 06:16:31,542 - shared_logger - INFO - Starting to save shared data... (shared_data_manager.py:275)
2025-05-02 06:16:32,682 - shared_logger - WARNING - ‚ö†Ô∏è No new OHLCV data for ALT-USD (ohlcv_manager.py:85)
2025-05-02 06:16:54,660 - shared_logger - WARNING - ‚ö†Ô∏è No new OHLCV data for ILV-USD (ohlcv_manager.py:85)
2025-05-02 06:16:57,069 - shared_logger - WARNING - ‚ö†Ô∏è No new OHLCV data for ILV-USD (ohlcv_manager.py:85)
2025-05-02 06:16:59,436 - shared_logger - WARNING - ‚ö†Ô∏è No new OHLCV data for NEON-USD (ohlcv_manager.py:85)
2025-05-02 06:17:01,886 - shared_logger - WARNING - ‚ö†Ô∏è No new OHLCV data for NEON-USD (ohlcv_manager.py:85)
2025-05-02 06:17:08,738 - shared_logger - INFO - ‚úÖ Trade recorded successfully: FX-USD buy @ 0.2311 (trade_recorder.py:43)
2025-05-02 06:17:31,630 - shared_logger - WARNING - ‚ö†Ô∏è No new OHLCV data for ARPA-USD (ohlcv_manager.py:85)
2025-05-02 06:17:31,680 - shared_logger - INFO - Starting to save shared data... (shared_data_manager.py:275)
2025-05-02 06:17:34,017 - shared_logger - WARNING - ‚ö†Ô∏è No new OHLCV data for ARPA-USD (ohlcv_manager.py:85)
2025-05-02 06:17:36,449 - shared_logger - WARNING - ‚ö†Ô∏è No new OHLCV data for GYEN-USD (ohlcv_manager.py:85)
2025-05-02 06:17:38,817 - shared_logger - WARNING - ‚ö†Ô∏è No new OHLCV data for GYEN-USD (ohlcv_manager.py:85)
2025-05-02 06:17:40,916 - shared_logger - INFO - ‚úÖ Trade recorded successfully: LSETH-USD buy @ 1966.99 (trade_recorder.py:43)
2025-05-02 06:17:41,196 - shared_logger - WARNING - ‚ö†Ô∏è No new OHLCV data for LSETH-USD (ohlcv_manager.py:85)
2025-05-02 06:17:43,609 - shared_logger - WARNING - ‚ö†Ô∏è No new OHLCV data for LSETH-USD (ohlcv_manager.py:85)
2025-05-02 06:17:58,789 - shared_logger - WARNING - ‚ö†Ô∏è No new OHLCV data for KRL-USD (ohlcv_manager.py:85)
2025-05-02 06:18:01,180 - shared_logger - WARNING - ‚ö†Ô∏è No new OHLCV data for KRL-USD (ohlcv_manager.py:85)
2025-05-02 06:18:13,159 - shared_logger - INFO - ‚úÖ Trade recorded successfully: FX-USD buy @ 0.2350 (trade_recorder.py:43)
2025-05-02 06:18:31,791 - shared_logger - INFO - Starting to save shared data... (shared_data_manager.py:275)
2025-05-02 06:18:32,963 - shared_logger - WARNING - ‚ö†Ô∏è No new OHLCV data for GHST-USD (ohlcv_manager.py:85)
2025-05-02 06:18:35,352 - shared_logger - WARNING - ‚ö†Ô∏è No new OHLCV data for GHST-USD (ohlcv_manager.py:85)
2025-05-02 06:18:47,582 - shared_logger - WARNING - ‚ö†Ô∏è No new OHLCV data for ALEPH-USD (ohlcv_manager.py:85)
2025-05-02 06:18:50,007 - shared_logger - WARNING - ‚ö†Ô∏è No new OHLCV data for ALEPH-USD (ohlcv_manager.py:85)
2025-05-02 06:18:57,206 - shared_logger - WARNING - ‚ö†Ô∏è No new OHLCV data for BAND-USD (ohlcv_manager.py:85)
2025-05-02 06:18:59,731 - shared_logger - WARNING - ‚ö†Ô∏è No new OHLCV data for BAND-USD (ohlcv_manager.py:85)
2025-05-02 06:19:11,609 - shared_logger - INFO - ‚úÖ Trade recorded successfully: FX-USD buy @ 0.2372 (trade_recorder.py:43)
2025-05-02 06:19:31,386 - shared_logger - WARNING - ‚ö†Ô∏è No new OHLCV data for OMNI-USD (ohlcv_manager.py:85)
2025-05-02 06:19:31,889 - shared_logger - INFO - Starting to save shared data... (shared_data_manager.py:275)
2025-05-02 06:19:33,796 - shared_logger - WARNING - ‚ö†Ô∏è No new OHLCV data for OMNI-USD (ohlcv_manager.py:85)
2025-05-02 06:19:44,385 - shared_logger - WARNING - ‚ö†Ô∏è No new OHLCV data for YFI-USD (ohlcv_manager.py:85)
2025-05-02 06:19:46,739 - shared_logger - WARNING - ‚ö†Ô∏è No new OHLCV data for YFI-USD (ohlcv_manager.py:85)
2025-05-02 06:19:56,402 - shared_logger - WARNING - ‚ö†Ô∏è No new OHLCV data for SNX-USD (ohlcv_manager.py:85)
2025-05-02 06:19:58,811 - shared_logger - WARNING - ‚ö†Ô∏è No new OHLCV data for SNX-USD (ohlcv_manager.py:85)
2025-05-02 06:20:04,341 - shared_logger - WARNING - ‚ö†Ô∏è No new OHLCV data for GUSD-USD (ohlcv_manager.py:85)
2025-05-02 06:20:07,293 - shared_logger - WARNING - ‚ö†Ô∏è No new OHLCV data for GUSD-USD (ohlcv_manager.py:85)
2025-05-02 06:20:09,257 - shared_logger - INFO - ‚úÖ Trade recorded successfully: FX-USD buy @ 0.2390 (trade_recorder.py:43)
2025-05-02 06:20:20,042 - shared_logger - WARNING - ‚ö†Ô∏è No new OHLCV data for OCEAN-USD (ohlcv_manager.py:85)
2025-05-02 06:20:22,431 - shared_logger - WARNING - ‚ö†Ô∏è No new OHLCV data for OCEAN-USD (ohlcv_manager.py:85)
2025-05-02 06:20:30,104 - shared_logger - INFO - ‚úÖ Trade recorded successfully: STRK-USD buy @ 0.143 (trade_recorder.py:43)
2025-05-02 07:00:58,809 - shared_logger - INFO - üî∏Email alerts are DISABLED via EMAIL_ALERTS=False. (alert_system.py:31)
2025-05-02 07:00:58,923 - shared_logger - INFO - Database connected successfully. (database_session_manager.py:102)
2025-05-02 07:00:58,923 - shared_logger - INFO - DatabaseSessionManager initialized and connected to the database. (database_session_manager.py:112)
2025-05-02 07:00:58,969 - shared_logger - INFO - ‚úÖ Database schema initialized (tables created if they didn't exist). (database_session_manager.py:60)
2025-05-02 07:00:58,985 - shared_logger - INFO - üîπ CoinBaseAPI  initialzed debug. (coinbase_api.py:30)
2025-05-02 07:00:58,985 - shared_logger - INFO - üî∏Email alerts are DISABLED via EMAIL_ALERTS=False. (alert_system.py:31)
2025-05-02 07:00:58,985 - shared_logger - INFO - üî∏Email alerts are DISABLED via EMAIL_ALERTS=False. (alert_system.py:31)
2025-05-02 07:00:58,987 - shared_logger - INFO - üî∏Email alerts are DISABLED via EMAIL_ALERTS=False. (alert_system.py:31)
2025-05-02 07:00:58,999 - shared_logger - INFO - ‚úÖ Startup snapshot loaded from database. (shared_data_manager.py:135)
2025-05-02 07:01:08,994 - shared_logger - INFO - Starting to save shared data... (shared_data_manager.py:275)
2025-05-02 07:01:12,425 - shared_logger - ERROR - Coinbase cancelOrders() has failed: coinbase cancelOrders() has failed, check your arguments and parameters (api_manager.py:163)
Traceback (most recent call last):
  File "/Users/jack/Python_Projects/BotTrader/Api_manager/api_manager.py", line 109, in ccxt_api_call
    response = await func(*args, **kwargs) if asyncio.iscoroutinefunction(func) else func(*args, **kwargs)
  File "/opt/anaconda3/envs/TradeBot/lib/python3.10/site-packages/ccxt/coinbase.py", line 3185, in cancel_order
    orders = self.cancel_orders([id], symbol, params)
  File "/opt/anaconda3/envs/TradeBot/lib/python3.10/site-packages/ccxt/coinbase.py", line 3222, in cancel_orders
    raise BadRequest(self.id + ' cancelOrders() has failed, check your arguments and parameters')
ccxt.base.errors.BadRequest: coinbase cancelOrders() has failed, check your arguments and parameters
2025-05-02 07:01:22,058 - shared_logger - WARNING - ‚ö†Ô∏è No new OHLCV data for ALT-USD (ohlcv_manager.py:85)
2025-05-02 07:01:24,587 - shared_logger - WARNING - ‚ö†Ô∏è No new OHLCV data for ALT-USD (ohlcv_manager.py:85)
2025-05-02 07:01:27,050 - shared_logger - WARNING - ‚ö†Ô∏è No new OHLCV data for LOKA-USD (ohlcv_manager.py:85)
2025-05-02 07:01:29,866 - shared_logger - WARNING - ‚ö†Ô∏è No new OHLCV data for LOKA-USD (ohlcv_manager.py:85)
2025-05-02 07:01:54,643 - shared_logger - WARNING - ‚ö†Ô∏è No new OHLCV data for GLM-USD (ohlcv_manager.py:85)
2025-05-02 07:01:57,109 - shared_logger - WARNING - ‚ö†Ô∏è No new OHLCV data for GLM-USD (ohlcv_manager.py:85)
2025-05-02 07:02:08,191 - shared_logger - WARNING - ‚ö†Ô∏è No new OHLCV data for ME-USD (ohlcv_manager.py:85)
2025-05-02 07:02:10,557 - shared_logger - WARNING - ‚ö†Ô∏è No new OHLCV data for ME-USD (ohlcv_manager.py:85)
2025-05-02 07:02:13,122 - shared_logger - WARNING - ‚ö†Ô∏è No new OHLCV data for YFI-USD (ohlcv_manager.py:85)
2025-05-02 07:02:13,719 - shared_logger - INFO - Starting to save shared data... (shared_data_manager.py:275)
2025-05-02 07:02:15,660 - shared_logger - WARNING - ‚ö†Ô∏è No new OHLCV data for YFI-USD (ohlcv_manager.py:85)
2025-05-02 07:02:23,109 - shared_logger - WARNING - ‚ö†Ô∏è No new OHLCV data for KAVA-USD (ohlcv_manager.py:85)
2025-05-02 07:02:25,722 - shared_logger - WARNING - ‚ö†Ô∏è No new OHLCV data for KAVA-USD (ohlcv_manager.py:85)
2025-05-02 07:02:54,187 - shared_logger - ERROR - ‚ùå Error recording trade: string indices must be integers (trade_recorder.py:49)
Traceback (most recent call last):
  File "/Users/jack/Python_Projects/BotTrader/SharedDataManager/trade_recorder.py", line 27, in record_trade
    symbol=trade_data['symbol'],
TypeError: string indices must be integers
2025-05-02 07:02:54,194 - shared_logger - ERROR - ‚ùå Error recording trade: string indices must be integers (trade_recorder.py:49)
Traceback (most recent call last):
  File "/Users/jack/Python_Projects/BotTrader/SharedDataManager/trade_recorder.py", line 27, in record_trade
    symbol=trade_data['symbol'],
TypeError: string indices must be integers
2025-05-02 07:02:58,319 - shared_logger - INFO - ‚úÖ Trade recorded successfully: SHDW-USD buy @ 0.154 (trade_recorder.py:43)
2025-05-02 07:03:03,452 - shared_logger - WARNING - ‚ö†Ô∏è No new OHLCV data for MLN-USD (ohlcv_manager.py:85)
2025-05-02 07:03:06,000 - shared_logger - WARNING - ‚ö†Ô∏è No new OHLCV data for MLN-USD (ohlcv_manager.py:85)
2025-05-02 07:03:08,853 - shared_logger - WARNING - ‚ö†Ô∏è No new OHLCV data for CHZ-USD (ohlcv_manager.py:85)
2025-05-02 07:03:11,326 - shared_logger - WARNING - ‚ö†Ô∏è No new OHLCV data for CHZ-USD (ohlcv_manager.py:85)
2025-05-02 07:03:13,936 - shared_logger - WARNING - ‚ö†Ô∏è No new OHLCV data for ERN-USD (ohlcv_manager.py:85)
2025-05-02 07:03:13,977 - shared_logger - INFO - Starting to save shared data... (shared_data_manager.py:275)
2025-05-02 07:03:16,442 - shared_logger - WARNING - ‚ö†Ô∏è No new OHLCV data for ERN-USD (ohlcv_manager.py:85)
2025-05-02 07:03:18,987 - shared_logger - WARNING - ‚ö†Ô∏è No new OHLCV data for LIT-USD (ohlcv_manager.py:85)
2025-05-02 07:03:21,436 - shared_logger - WARNING - ‚ö†Ô∏è No new OHLCV data for LIT-USD (ohlcv_manager.py:85)
2025-05-02 07:03:33,476 - shared_logger - WARNING - ‚ö†Ô∏è No new OHLCV data for RLC-USD (ohlcv_manager.py:85)
2025-05-02 07:03:36,013 - shared_logger - WARNING - ‚ö†Ô∏è No new OHLCV data for RLC-USD (ohlcv_manager.py:85)
2025-05-02 07:03:55,379 - shared_logger - WARNING - ‚ö†Ô∏è No new OHLCV data for NCT-USD (ohlcv_manager.py:85)
2025-05-02 07:03:57,979 - shared_logger - WARNING - ‚ö†Ô∏è No new OHLCV data for NCT-USD (ohlcv_manager.py:85)
2025-05-02 07:04:14,076 - shared_logger - INFO - Starting to save shared data... (shared_data_manager.py:275)
2025-05-02 07:04:15,683 - shared_logger - WARNING - ‚ö†Ô∏è No new OHLCV data for MATH-USD (ohlcv_manager.py:85)
2025-05-02 07:04:18,163 - shared_logger - WARNING - ‚ö†Ô∏è No new OHLCV data for MATH-USD (ohlcv_manager.py:85)
2025-05-02 07:04:32,326 - shared_logger - WARNING - ‚ö†Ô∏è No new OHLCV data for PYR-USD (ohlcv_manager.py:85)
2025-05-02 07:04:34,835 - shared_logger - WARNING - ‚ö†Ô∏è No new OHLCV data for PYR-USD (ohlcv_manager.py:85)
2025-05-02 07:04:52,385 - shared_logger - WARNING - ‚ö†Ô∏è No new OHLCV data for ZK-USD (ohlcv_manager.py:85)
2025-05-02 07:04:54,779 - shared_logger - WARNING - ‚ö†Ô∏è No new OHLCV data for ZK-USD (ohlcv_manager.py:85)
2025-05-02 07:05:14,178 - shared_logger - INFO - Starting to save shared data... (shared_data_manager.py:275)
2025-05-02 07:05:15,074 - shared_logger - WARNING - ‚ö†Ô∏è No new OHLCV data for UMA-USD (ohlcv_manager.py:85)
2025-05-02 07:05:20,631 - shared_logger - WARNING - ‚ö†Ô∏è No new OHLCV data for UMA-USD (ohlcv_manager.py:85)
2025-05-02 07:05:55,774 - shared_logger - WARNING - ‚ö†Ô∏è No new OHLCV data for ASM-USD (ohlcv_manager.py:85)
2025-05-02 07:05:58,287 - shared_logger - WARNING - ‚ö†Ô∏è No new OHLCV data for ASM-USD (ohlcv_manager.py:85)
2025-05-02 07:06:12,967 - shared_logger - WARNING - ‚ö†Ô∏è No new OHLCV data for MASK-USD (ohlcv_manager.py:85)
2025-05-02 07:06:13,682 - shared_logger - INFO - ‚úÖ Trade recorded successfully: MASK-USD buy @ 1.19 (trade_recorder.py:43)
2025-05-02 07:06:14,276 - shared_logger - INFO - Starting to save shared data... (shared_data_manager.py:275)
2025-05-02 07:06:17,159 - shared_logger - WARNING - ‚ö†Ô∏è No new OHLCV data for MASK-USD (ohlcv_manager.py:85)
2025-05-02 07:06:20,874 - shared_logger - WARNING - ‚ö†Ô∏è No new OHLCV data for LIT-USD (ohlcv_manager.py:85)
2025-05-02 07:06:28,346 - shared_logger - WARNING - ‚ö†Ô∏è No new OHLCV data for LIT-USD (ohlcv_manager.py:85)
2025-05-02 07:06:30,854 - shared_logger - WARNING - ‚ö†Ô∏è No new OHLCV data for REQ-USD (ohlcv_manager.py:85)
2025-05-02 07:06:33,367 - shared_logger - WARNING - ‚ö†Ô∏è No new OHLCV data for REQ-USD (ohlcv_manager.py:85)
2025-05-02 07:06:36,036 - shared_logger - WARNING - ‚ö†Ô∏è No new OHLCV data for GTC-USD (ohlcv_manager.py:85)
2025-05-02 07:06:38,478 - shared_logger - WARNING - ‚ö†Ô∏è No new OHLCV data for GTC-USD (ohlcv_manager.py:85)
2025-05-02 07:06:41,000 - shared_logger - WARNING - ‚ö†Ô∏è No new OHLCV data for PAX-USD (ohlcv_manager.py:85)
2025-05-02 07:06:43,512 - shared_logger - WARNING - ‚ö†Ô∏è No new OHLCV data for PAX-USD (ohlcv_manager.py:85)
2025-05-02 07:07:14,361 - shared_logger - INFO - Starting to save shared data... (shared_data_manager.py:275)
2025-05-02 07:07:38,027 - shared_logger - WARNING - ‚ö†Ô∏è No new OHLCV data for RLC-USD (ohlcv_manager.py:85)
2025-05-02 07:07:40,544 - shared_logger - WARNING - ‚ö†Ô∏è No new OHLCV data for RLC-USD (ohlcv_manager.py:85)
2025-05-02 07:07:59,691 - shared_logger - INFO - ‚úÖ Trade recorded successfully: WCFG-USD buy @ 0.148 (trade_recorder.py:43)
2025-05-02 07:08:00,492 - shared_logger - WARNING - ‚ö†Ô∏è No new OHLCV data for WCFG-USD (ohlcv_manager.py:85)
2025-05-02 07:08:02,868 - shared_logger - WARNING - ‚ö†Ô∏è No new OHLCV data for WCFG-USD (ohlcv_manager.py:85)
2025-05-02 07:08:05,341 - shared_logger - WARNING - ‚ö†Ô∏è No new OHLCV data for BLUR-USD (ohlcv_manager.py:85)
2025-05-02 07:08:07,738 - shared_logger - WARNING - ‚ö†Ô∏è No new OHLCV data for BLUR-USD (ohlcv_manager.py:85)
2025-05-02 07:08:10,190 - shared_logger - WARNING - ‚ö†Ô∏è No new OHLCV data for LOKA-USD (ohlcv_manager.py:85)
2025-05-02 07:08:12,792 - shared_logger - WARNING - ‚ö†Ô∏è No new OHLCV data for LOKA-USD (ohlcv_manager.py:85)
2025-05-02 07:08:14,461 - shared_logger - INFO - Starting to save shared data... (shared_data_manager.py:275)
2025-05-02 07:08:20,378 - shared_logger - WARNING - ‚ö†Ô∏è No new OHLCV data for ARPA-USD (ohlcv_manager.py:85)
2025-05-02 07:08:21,103 - shared_logger - INFO - ‚úÖ Trade recorded successfully: ARPA-USD buy @ 0.0255 (trade_recorder.py:43)
2025-05-02 07:08:22,985 - shared_logger - WARNING - ‚ö†Ô∏è No new OHLCV data for ARPA-USD (ohlcv_manager.py:85)
2025-05-02 07:08:25,453 - shared_logger - WARNING - ‚ö†Ô∏è No new OHLCV data for ALICE-USD (ohlcv_manager.py:85)
2025-05-02 07:08:28,098 - shared_logger - WARNING - ‚ö†Ô∏è No new OHLCV data for ALICE-USD (ohlcv_manager.py:85)
2025-05-02 07:08:42,381 - shared_logger - WARNING - ‚ö†Ô∏è No new OHLCV data for ORN-USD (ohlcv_manager.py:85)
2025-05-02 07:08:45,000 - shared_logger - WARNING - ‚ö†Ô∏è No new OHLCV data for ORN-USD (ohlcv_manager.py:85)
2025-05-02 07:09:00,004 - shared_logger - WARNING - ‚ö†Ô∏è No new OHLCV data for ARPA-USD (ohlcv_manager.py:85)
2025-05-02 07:09:02,467 - shared_logger - WARNING - ‚ö†Ô∏è No new OHLCV data for ARPA-USD (ohlcv_manager.py:85)
2025-05-02 07:09:10,045 - shared_logger - WARNING - ‚ö†Ô∏è No new OHLCV data for METIS-USD (ohlcv_manager.py:85)
2025-05-02 07:09:12,440 - shared_logger - WARNING - ‚ö†Ô∏è No new OHLCV data for METIS-USD (ohlcv_manager.py:85)
2025-05-02 07:09:14,552 - shared_logger - INFO - Starting to save shared data... (shared_data_manager.py:275)
2025-05-02 07:09:24,944 - shared_logger - WARNING - ‚ö†Ô∏è No new OHLCV data for STG-USD (ohlcv_manager.py:85)
2025-05-02 07:09:30,383 - shared_logger - WARNING - ‚ö†Ô∏è No new OHLCV data for STG-USD (ohlcv_manager.py:85)
2025-05-02 07:09:32,760 - shared_logger - WARNING - ‚ö†Ô∏è No new OHLCV data for ZEN-USD (ohlcv_manager.py:85)
2025-05-02 07:09:35,339 - shared_logger - WARNING - ‚ö†Ô∏è No new OHLCV data for ZEN-USD (ohlcv_manager.py:85)
2025-05-02 07:10:14,923 - shared_logger - INFO - Starting to save shared data... (shared_data_manager.py:275)
2025-05-02 07:10:21,106 - shared_logger - WARNING - ‚ö†Ô∏è No new OHLCV data for ASM-USD (ohlcv_manager.py:85)
2025-05-02 07:10:23,568 - shared_logger - WARNING - ‚ö†Ô∏è No new OHLCV data for ASM-USD (ohlcv_manager.py:85)
2025-05-02 07:10:26,131 - shared_logger - WARNING - ‚ö†Ô∏è No new OHLCV data for GAL-USD (ohlcv_manager.py:85)
2025-05-02 07:10:28,661 - shared_logger - WARNING - ‚ö†Ô∏è No new OHLCV data for GAL-USD (ohlcv_manager.py:85)
2025-05-02 07:10:45,986 - shared_logger - WARNING - ‚ö†Ô∏è No new OHLCV data for WCFG-USD (ohlcv_manager.py:85)
2025-05-02 07:10:48,380 - shared_logger - WARNING - ‚ö†Ô∏è No new OHLCV data for WCFG-USD (ohlcv_manager.py:85)
2025-05-02 07:11:15,545 - shared_logger - INFO - Starting to save shared data... (shared_data_manager.py:275)
2025-05-02 07:11:16,308 - shared_logger - WARNING - ‚ö†Ô∏è No new OHLCV data for AURORA-USD (ohlcv_manager.py:85)
2025-05-02 07:11:20,970 - shared_logger - WARNING - ‚ö†Ô∏è No new OHLCV data for AURORA-USD (ohlcv_manager.py:85)
2025-05-02 07:11:24,452 - shared_logger - WARNING - ‚ö†Ô∏è No new OHLCV data for ACX-USD (ohlcv_manager.py:85)
2025-05-02 07:11:26,969 - shared_logger - WARNING - ‚ö†Ô∏è No new OHLCV data for ACX-USD (ohlcv_manager.py:85)
2025-05-02 07:11:29,940 - shared_logger - WARNING - ‚ö†Ô∏è No new OHLCV data for FARM-USD (ohlcv_manager.py:85)
2025-05-02 07:11:32,927 - shared_logger - WARNING - ‚ö†Ô∏è No new OHLCV data for WAXL-USD (ohlcv_manager.py:85)
2025-05-02 07:11:41,322 - shared_logger - WARNING - ‚ö†Ô∏è No new OHLCV data for WAXL-USD (ohlcv_manager.py:85)
2025-05-02 07:11:53,803 - shared_logger - WARNING - ‚ö†Ô∏è No new OHLCV data for ERN-USD (ohlcv_manager.py:85)
2025-05-02 07:11:56,298 - shared_logger - WARNING - ‚ö†Ô∏è No new OHLCV data for ERN-USD (ohlcv_manager.py:85)
2025-05-02 07:12:15,851 - shared_logger - INFO - Starting to save shared data... (shared_data_manager.py:275)
2025-05-02 07:12:16,828 - shared_logger - WARNING - ‚ö†Ô∏è No new OHLCV data for MASK-USD (ohlcv_manager.py:85)
2025-05-02 07:12:19,327 - shared_logger - WARNING - ‚ö†Ô∏è No new OHLCV data for MASK-USD (ohlcv_manager.py:85)
2025-05-02 07:12:21,867 - shared_logger - WARNING - ‚ö†Ô∏è No new OHLCV data for SWELL-USD (ohlcv_manager.py:85)
2025-05-02 07:12:24,379 - shared_logger - WARNING - ‚ö†Ô∏è No new OHLCV data for SWELL-USD (ohlcv_manager.py:85)
2025-05-02 07:13:10,313 - shared_logger - WARNING - ‚ö†Ô∏è No new OHLCV data for DNT-USD (ohlcv_manager.py:85)
2025-05-02 07:13:12,679 - shared_logger - WARNING - ‚ö†Ô∏è No new OHLCV data for DNT-USD (ohlcv_manager.py:85)
2025-05-02 07:13:15,936 - shared_logger - INFO - Starting to save shared data... (shared_data_manager.py:275)
2025-05-02 07:13:20,063 - shared_logger - WARNING - ‚ö†Ô∏è No new OHLCV data for 00-USD (ohlcv_manager.py:85)
2025-05-02 07:13:22,567 - shared_logger - WARNING - ‚ö†Ô∏è No new OHLCV data for 00-USD (ohlcv_manager.py:85)
2025-05-02 07:13:25,071 - shared_logger - WARNING - ‚ö†Ô∏è No new OHLCV data for BICO-USD (ohlcv_manager.py:85)
2025-05-02 07:13:27,614 - shared_logger - WARNING - ‚ö†Ô∏è No new OHLCV data for BICO-USD (ohlcv_manager.py:85)
2025-05-02 07:13:30,074 - shared_logger - WARNING - ‚ö†Ô∏è No new OHLCV data for KARRAT-USD (ohlcv_manager.py:85)
2025-05-02 07:13:37,737 - shared_logger - WARNING - ‚ö†Ô∏è No new OHLCV data for NCT-USD (ohlcv_manager.py:85)
2025-05-02 07:13:40,215 - shared_logger - WARNING - ‚ö†Ô∏è No new OHLCV data for NCT-USD (ohlcv_manager.py:85)
2025-05-02 07:13:42,586 - shared_logger - WARNING - ‚ö†Ô∏è No new OHLCV data for CTSI-USD (ohlcv_manager.py:85)
2025-05-02 07:13:47,900 - shared_logger - WARNING - ‚ö†Ô∏è No new OHLCV data for CTSI-USD (ohlcv_manager.py:85)
2025-05-02 07:14:15,599 - shared_logger - WARNING - ‚ö†Ô∏è No new OHLCV data for LIT-USD (ohlcv_manager.py:85)
2025-05-02 07:14:16,030 - shared_logger - INFO - Starting to save shared data... (shared_data_manager.py:275)
2025-05-02 07:14:18,174 - shared_logger - WARNING - ‚ö†Ô∏è No new OHLCV data for LIT-USD (ohlcv_manager.py:85)
2025-05-02 07:14:37,870 - shared_logger - WARNING - ‚ö†Ô∏è No new OHLCV data for ME-USD (ohlcv_manager.py:85)
2025-05-02 07:14:40,491 - shared_logger - WARNING - ‚ö†Ô∏è No new OHLCV data for ME-USD (ohlcv_manager.py:85)
2025-05-02 07:14:42,645 - shared_logger - INFO - ‚úÖ Trade recorded successfully: CTX-USD buy @ 1.9623 (trade_recorder.py:43)
2025-05-02 07:14:43,351 - shared_logger - WARNING - ‚ö†Ô∏è No new OHLCV data for CTX-USD (ohlcv_manager.py:85)
2025-05-02 07:14:45,832 - shared_logger - WARNING - ‚ö†Ô∏è No new OHLCV data for CTX-USD (ohlcv_manager.py:85)
2025-05-02 07:14:48,305 - shared_logger - WARNING - ‚ö†Ô∏è No new OHLCV data for ERN-USD (ohlcv_manager.py:85)
2025-05-02 07:14:50,813 - shared_logger - WARNING - ‚ö†Ô∏è No new OHLCV data for ERN-USD (ohlcv_manager.py:85)
2025-05-02 07:15:03,117 - shared_logger - WARNING - ‚ö†Ô∏è No new OHLCV data for CVC-USD (ohlcv_manager.py:85)
2025-05-02 07:15:05,491 - shared_logger - WARNING - ‚ö†Ô∏è No new OHLCV data for CVC-USD (ohlcv_manager.py:85)
2025-05-02 07:15:08,359 - shared_logger - WARNING - ‚ö†Ô∏è No new OHLCV data for DIMO-USD (ohlcv_manager.py:85)
2025-05-02 07:15:10,736 - shared_logger - WARNING - ‚ö†Ô∏è No new OHLCV data for DIMO-USD (ohlcv_manager.py:85)
2025-05-02 07:15:13,253 - shared_logger - WARNING - ‚ö†Ô∏è No new OHLCV data for GNO-USD (ohlcv_manager.py:85)
2025-05-02 07:15:15,640 - shared_logger - WARNING - ‚ö†Ô∏è No new OHLCV data for GNO-USD (ohlcv_manager.py:85)
2025-05-02 07:15:16,124 - shared_logger - INFO - Starting to save shared data... (shared_data_manager.py:275)
2025-05-02 07:15:18,245 - shared_logger - WARNING - ‚ö†Ô∏è No new OHLCV data for GTC-USD (ohlcv_manager.py:85)
2025-05-02 07:15:20,619 - shared_logger - WARNING - ‚ö†Ô∏è No new OHLCV data for GTC-USD (ohlcv_manager.py:85)
2025-05-02 07:15:31,666 - shared_logger - WARNING - ‚ö†Ô∏è No new OHLCV data for BADGER-USD (ohlcv_manager.py:85)
2025-05-02 07:15:33,309 - shared_logger - INFO - ‚úÖ Trade recorded successfully: BADGER-USD buy @ 1.11 (trade_recorder.py:43)
2025-05-02 07:15:34,536 - shared_logger - WARNING - ‚ö†Ô∏è No new OHLCV data for BADGER-USD (ohlcv_manager.py:85)
2025-05-02 07:16:07,823 - shared_logger - WARNING - ‚ö†Ô∏è No new OHLCV data for ASM-USD (ohlcv_manager.py:85)
2025-05-02 07:16:10,477 - shared_logger - WARNING - ‚ö†Ô∏è No new OHLCV data for ASM-USD (ohlcv_manager.py:85)
2025-05-02 07:16:18,675 - shared_logger - INFO - Starting to save shared data... (shared_data_manager.py:275)
2025-05-02 07:16:46,098 - shared_logger - WARNING - ‚ö†Ô∏è No new OHLCV data for RLC-USD (ohlcv_manager.py:85)
2025-05-02 07:16:48,463 - shared_logger - WARNING - ‚ö†Ô∏è No new OHLCV data for RLC-USD (ohlcv_manager.py:85)
2025-05-02 07:16:50,964 - shared_logger - WARNING - ‚ö†Ô∏è No new OHLCV data for CVC-USD (ohlcv_manager.py:85)
2025-05-02 07:16:53,511 - shared_logger - WARNING - ‚ö†Ô∏è No new OHLCV data for CVC-USD (ohlcv_manager.py:85)
2025-05-02 07:17:11,319 - shared_logger - WARNING - ‚ö†Ô∏è No new OHLCV data for MATH-USD (ohlcv_manager.py:85)
2025-05-02 07:17:16,164 - shared_logger - WARNING - ‚ö†Ô∏è No new OHLCV data for MATH-USD (ohlcv_manager.py:85)
2025-05-02 07:17:18,614 - shared_logger - WARNING - ‚ö†Ô∏è No new OHLCV data for ELA-USD (ohlcv_manager.py:85)
2025-05-02 07:17:19,018 - shared_logger - INFO - Starting to save shared data... (shared_data_manager.py:275)
2025-05-02 07:17:21,071 - shared_logger - WARNING - ‚ö†Ô∏è No new OHLCV data for GNO-USD (ohlcv_manager.py:85)
2025-05-02 07:17:23,554 - shared_logger - WARNING - ‚ö†Ô∏è No new OHLCV data for GNO-USD (ohlcv_manager.py:85)
2025-05-02 07:17:35,483 - shared_logger - WARNING - ‚ö†Ô∏è No new OHLCV data for BADGER-USD (ohlcv_manager.py:85)
2025-05-02 07:17:37,875 - shared_logger - WARNING - ‚ö†Ô∏è No new OHLCV data for BADGER-USD (ohlcv_manager.py:85)
2025-05-02 07:17:40,243 - shared_logger - WARNING - ‚ö†Ô∏è No new OHLCV data for OMNI-USD (ohlcv_manager.py:85)
2025-05-02 07:17:42,691 - shared_logger - WARNING - ‚ö†Ô∏è No new OHLCV data for OMNI-USD (ohlcv_manager.py:85)
2025-05-02 07:17:45,105 - shared_logger - WARNING - ‚ö†Ô∏è No new OHLCV data for KNC-USD (ohlcv_manager.py:85)
2025-05-02 07:17:47,522 - shared_logger - WARNING - ‚ö†Ô∏è No new OHLCV data for KNC-USD (ohlcv_manager.py:85)
2025-05-02 07:18:11,926 - shared_logger - WARNING - ‚ö†Ô∏è No new OHLCV data for RARI-USD (ohlcv_manager.py:85)
2025-05-02 07:18:14,398 - shared_logger - WARNING - ‚ö†Ô∏è No new OHLCV data for RARI-USD (ohlcv_manager.py:85)
2025-05-02 07:18:19,571 - shared_logger - INFO - Starting to save shared data... (shared_data_manager.py:275)
2025-05-02 07:18:41,225 - shared_logger - WARNING - ‚ö†Ô∏è No new OHLCV data for BICO-USD (ohlcv_manager.py:85)
2025-05-02 07:18:43,608 - shared_logger - WARNING - ‚ö†Ô∏è No new OHLCV data for BICO-USD (ohlcv_manager.py:85)
2025-05-02 07:18:46,039 - shared_logger - WARNING - ‚ö†Ô∏è No new OHLCV data for KRL-USD (ohlcv_manager.py:85)
2025-05-02 07:18:48,420 - shared_logger - WARNING - ‚ö†Ô∏è No new OHLCV data for KRL-USD (ohlcv_manager.py:85)
2025-05-02 07:18:51,000 - shared_logger - WARNING - ‚ö†Ô∏è No new OHLCV data for POWR-USD (ohlcv_manager.py:85)
2025-05-02 07:18:53,390 - shared_logger - WARNING - ‚ö†Ô∏è No new OHLCV data for POWR-USD (ohlcv_manager.py:85)
2025-05-02 07:19:07,055 - shared_logger - WARNING - ‚ö†Ô∏è No new OHLCV data for NCT-USD (ohlcv_manager.py:85)
2025-05-02 07:19:09,502 - shared_logger - WARNING - ‚ö†Ô∏è No new OHLCV data for NCT-USD (ohlcv_manager.py:85)
2025-05-02 07:19:19,656 - shared_logger - INFO - Starting to save shared data... (shared_data_manager.py:275)
2025-05-02 07:19:34,669 - shared_logger - WARNING - ‚ö†Ô∏è No new OHLCV data for FARM-USD (ohlcv_manager.py:85)
2025-05-02 07:20:19,942 - shared_logger - WARNING - ‚ö†Ô∏è No new OHLCV data for LOKA-USD (ohlcv_manager.py:85)
2025-05-02 07:20:19,985 - shared_logger - INFO - Starting to save shared data... (shared_data_manager.py:275)
2025-05-02 07:20:22,406 - shared_logger - WARNING - ‚ö†Ô∏è No new OHLCV data for LOKA-USD (ohlcv_manager.py:85)
2025-05-02 07:20:24,767 - shared_logger - WARNING - ‚ö†Ô∏è No new OHLCV data for POLS-USD (ohlcv_manager.py:85)
2025-05-02 07:20:27,143 - shared_logger - WARNING - ‚ö†Ô∏è No new OHLCV data for POLS-USD (ohlcv_manager.py:85)
2025-05-02 07:20:29,549 - shared_logger - WARNING - ‚ö†Ô∏è No new OHLCV data for BNT-USD (ohlcv_manager.py:85)
2025-05-02 07:20:56,214 - shared_logger - WARNING - ‚ö†Ô∏è No new OHLCV data for VTHO-USD (ohlcv_manager.py:85)
2025-05-02 07:20:58,605 - shared_logger - WARNING - ‚ö†Ô∏è No new OHLCV data for VTHO-USD (ohlcv_manager.py:85)
2025-05-02 07:21:00,974 - shared_logger - WARNING - ‚ö†Ô∏è No new OHLCV data for GLM-USD (ohlcv_manager.py:85)
2025-05-02 07:21:03,393 - shared_logger - WARNING - ‚ö†Ô∏è No new OHLCV data for GLM-USD (ohlcv_manager.py:85)
2025-05-02 07:21:17,231 - shared_logger - WARNING - ‚ö†Ô∏è No new OHLCV data for ABT-USD (ohlcv_manager.py:85)
2025-05-02 07:21:20,037 - shared_logger - WARNING - ‚ö†Ô∏è No new OHLCV data for ABT-USD (ohlcv_manager.py:85)
2025-05-02 07:21:20,113 - shared_logger - INFO - Starting to save shared data... (shared_data_manager.py:275)
2025-05-02 07:21:32,439 - shared_logger - WARNING - ‚ö†Ô∏è No new OHLCV data for POND-USD (ohlcv_manager.py:85)
2025-05-02 07:21:34,910 - shared_logger - WARNING - ‚ö†Ô∏è No new OHLCV data for POND-USD (ohlcv_manager.py:85)
2025-05-02 07:21:37,316 - shared_logger - WARNING - ‚ö†Ô∏è No new OHLCV data for GHST-USD (ohlcv_manager.py:85)
2025-05-02 07:21:39,821 - shared_logger - WARNING - ‚ö†Ô∏è No new OHLCV data for GHST-USD (ohlcv_manager.py:85)
2025-05-02 07:22:11,575 - shared_logger - WARNING - ‚ö†Ô∏è No new OHLCV data for XTZ-USD (ohlcv_manager.py:85)
2025-05-02 07:22:14,002 - shared_logger - WARNING - ‚ö†Ô∏è No new OHLCV data for XTZ-USD (ohlcv_manager.py:85)
2025-05-02 07:22:20,812 - shared_logger - INFO - Starting to save shared data... (shared_data_manager.py:275)
2025-05-02 07:22:22,487 - shared_logger - ERROR - ‚ùå Error recording trade: string indices must be integers (trade_recorder.py:49)
Traceback (most recent call last):
  File "/Users/jack/Python_Projects/BotTrader/SharedDataManager/trade_recorder.py", line 27, in record_trade
    symbol=trade_data['symbol'],
TypeError: string indices must be integers
2025-05-02 07:22:22,494 - shared_logger - ERROR - ‚ùå Error recording trade: string indices must be integers (trade_recorder.py:49)
Traceback (most recent call last):
  File "/Users/jack/Python_Projects/BotTrader/SharedDataManager/trade_recorder.py", line 27, in record_trade
    symbol=trade_data['symbol'],
TypeError: string indices must be integers
2025-05-02 07:22:32,739 - shared_logger - WARNING - ‚ö†Ô∏è No new OHLCV data for UMA-USD (ohlcv_manager.py:85)
2025-05-02 07:22:35,116 - shared_logger - WARNING - ‚ö†Ô∏è No new OHLCV data for UMA-USD (ohlcv_manager.py:85)
2025-05-02 07:23:20,932 - shared_logger - INFO - Starting to save shared data... (shared_data_manager.py:275)
2025-05-02 07:23:40,170 - shared_logger - WARNING - ‚ö†Ô∏è No new OHLCV data for ZEN-USD (ohlcv_manager.py:85)
2025-05-02 07:23:42,557 - shared_logger - WARNING - ‚ö†Ô∏è No new OHLCV data for ZEN-USD (ohlcv_manager.py:85)
2025-05-02 07:23:44,973 - shared_logger - WARNING - ‚ö†Ô∏è No new OHLCV data for POND-USD (ohlcv_manager.py:85)
2025-05-02 07:23:47,348 - shared_logger - WARNING - ‚ö†Ô∏è No new OHLCV data for POND-USD (ohlcv_manager.py:85)
2025-05-02 07:24:21,061 - shared_logger - INFO - Starting to save shared data... (shared_data_manager.py:275)
2025-05-02 07:24:38,519 - shared_logger - WARNING - ‚ö†Ô∏è No new OHLCV data for RAD-USD (ohlcv_manager.py:85)
2025-05-02 07:24:38,565 - shared_logger - INFO - ‚úÖ Trade recorded successfully: RAD-USD buy @ 0.81 (trade_recorder.py:43)
2025-05-02 07:24:40,916 - shared_logger - WARNING - ‚ö†Ô∏è No new OHLCV data for RAD-USD (ohlcv_manager.py:85)
2025-05-02 07:24:43,318 - shared_logger - WARNING - ‚ö†Ô∏è No new OHLCV data for BICO-USD (ohlcv_manager.py:85)
2025-05-02 07:24:45,687 - shared_logger - WARNING - ‚ö†Ô∏è No new OHLCV data for BICO-USD (ohlcv_manager.py:85)
2025-05-02 07:24:48,402 - shared_logger - INFO - ‚úÖ Trade recorded successfully: FAI-USD buy @ 0.01606 (trade_recorder.py:43)
2025-05-02 07:24:55,159 - shared_logger - ERROR - ‚ùå Error recording trade: string indices must be integers (trade_recorder.py:49)
Traceback (most recent call last):
  File "/Users/jack/Python_Projects/BotTrader/SharedDataManager/trade_recorder.py", line 27, in record_trade
    symbol=trade_data['symbol'],
TypeError: string indices must be integers
2025-05-02 07:24:55,167 - shared_logger - ERROR - ‚ùå Error recording trade: string indices must be integers (trade_recorder.py:49)
Traceback (most recent call last):
  File "/Users/jack/Python_Projects/BotTrader/SharedDataManager/trade_recorder.py", line 27, in record_trade
    symbol=trade_data['symbol'],
TypeError: string indices must be integers
2025-05-02 07:25:21,186 - shared_logger - INFO - Starting to save shared data... (shared_data_manager.py:275)
2025-05-02 07:26:05,897 - shared_logger - WARNING - ‚ö†Ô∏è No new OHLCV data for LOKA-USD (ohlcv_manager.py:85)
2025-05-02 07:26:08,353 - shared_logger - WARNING - ‚ö†Ô∏è No new OHLCV data for LOKA-USD (ohlcv_manager.py:85)
2025-05-02 07:26:10,864 - shared_logger - WARNING - ‚ö†Ô∏è No new OHLCV data for ARPA-USD (ohlcv_manager.py:85)
2025-05-02 07:26:15,630 - shared_logger - WARNING - ‚ö†Ô∏è No new OHLCV data for ARPA-USD (ohlcv_manager.py:85)
2025-05-02 07:26:25,767 - shared_logger - INFO - Starting to save shared data... (shared_data_manager.py:275)
2025-05-02 07:26:26,240 - shared_logger - WARNING - ‚ö†Ô∏è No new OHLCV data for BTRST-USD (ohlcv_manager.py:85)
2025-05-02 07:26:31,499 - shared_logger - WARNING - ‚ö†Ô∏è No new OHLCV data for BTRST-USD (ohlcv_manager.py:85)
2025-05-02 07:26:54,367 - shared_logger - ERROR - ‚ùå Error recording trade: string indices must be integers (trade_recorder.py:49)
Traceback (most recent call last):
  File "/Users/jack/Python_Projects/BotTrader/SharedDataManager/trade_recorder.py", line 27, in record_trade
    symbol=trade_data['symbol'],
TypeError: string indices must be integers
2025-05-02 07:26:54,372 - shared_logger - ERROR - ‚ùå Error recording trade: string indices must be integers (trade_recorder.py:49)
Traceback (most recent call last):
  File "/Users/jack/Python_Projects/BotTrader/SharedDataManager/trade_recorder.py", line 27, in record_trade
    symbol=trade_data['symbol'],
TypeError: string indices must be integers
2025-05-02 07:26:54,914 - shared_logger - WARNING - ‚ö†Ô∏è No new OHLCV data for AVT-USD (ohlcv_manager.py:85)
2025-05-02 07:26:59,034 - shared_logger - WARNING - ‚ö†Ô∏è No new OHLCV data for AVT-USD (ohlcv_manager.py:85)
2025-05-02 07:27:25,841 - shared_logger - INFO - Starting to save shared data... (shared_data_manager.py:275)
2025-05-02 07:28:01,752 - shared_logger - INFO - üî∏Email alerts are DISABLED via EMAIL_ALERTS=False. (alert_system.py:31)
2025-05-02 07:28:01,859 - shared_logger - INFO - Database connected successfully. (database_session_manager.py:102)
2025-05-02 07:28:01,859 - shared_logger - INFO - DatabaseSessionManager initialized and connected to the database. (database_session_manager.py:112)
2025-05-02 07:28:01,904 - shared_logger - INFO - ‚úÖ Database schema initialized (tables created if they didn't exist). (database_session_manager.py:60)
2025-05-02 07:28:01,921 - shared_logger - INFO - üîπ CoinBaseAPI  initialzed debug. (coinbase_api.py:30)
2025-05-02 07:28:01,921 - shared_logger - INFO - üî∏Email alerts are DISABLED via EMAIL_ALERTS=False. (alert_system.py:31)
2025-05-02 07:28:01,921 - shared_logger - INFO - üî∏Email alerts are DISABLED via EMAIL_ALERTS=False. (alert_system.py:31)
2025-05-02 07:28:01,923 - shared_logger - INFO - üî∏Email alerts are DISABLED via EMAIL_ALERTS=False. (alert_system.py:31)
2025-05-02 07:28:01,934 - shared_logger - INFO - ‚úÖ Startup snapshot loaded from database. (shared_data_manager.py:135)
2025-05-02 07:29:07,603 - shared_logger - ERROR - ‚ùå Attempt 1 failed: ('Connection aborted.', ConnectionResetError(54, 'Connection reset by peer')) (ticker_manager.py:431)
Traceback (most recent call last):
  File "/opt/anaconda3/envs/TradeBot/lib/python3.10/site-packages/urllib3/connectionpool.py", line 789, in urlopen
    response = self._make_request(
  File "/opt/anaconda3/envs/TradeBot/lib/python3.10/site-packages/urllib3/connectionpool.py", line 490, in _make_request
    raise new_e
  File "/opt/anaconda3/envs/TradeBot/lib/python3.10/site-packages/urllib3/connectionpool.py", line 466, in _make_request
    self._validate_conn(conn)
  File "/opt/anaconda3/envs/TradeBot/lib/python3.10/site-packages/urllib3/connectionpool.py", line 1095, in _validate_conn
    conn.connect()
  File "/opt/anaconda3/envs/TradeBot/lib/python3.10/site-packages/urllib3/connection.py", line 730, in connect
    sock_and_verified = _ssl_wrap_socket_and_match_hostname(
  File "/opt/anaconda3/envs/TradeBot/lib/python3.10/site-packages/urllib3/connection.py", line 909, in _ssl_wrap_socket_and_match_hostname
    ssl_sock = ssl_wrap_socket(
  File "/opt/anaconda3/envs/TradeBot/lib/python3.10/site-packages/urllib3/util/ssl_.py", line 469, in ssl_wrap_socket
    ssl_sock = _ssl_wrap_socket_impl(sock, context, tls_in_tls, server_hostname)
  File "/opt/anaconda3/envs/TradeBot/lib/python3.10/site-packages/urllib3/util/ssl_.py", line 513, in _ssl_wrap_socket_impl
    return ssl_context.wrap_socket(sock, server_hostname=server_hostname)
  File "/opt/anaconda3/envs/TradeBot/lib/python3.10/ssl.py", line 513, in wrap_socket
    return self.sslsocket_class._create(
  File "/opt/anaconda3/envs/TradeBot/lib/python3.10/ssl.py", line 1104, in _create
    self.do_handshake()
  File "/opt/anaconda3/envs/TradeBot/lib/python3.10/ssl.py", line 1375, in do_handshake
    self._sslobj.do_handshake()
ConnectionResetError: [Errno 54] Connection reset by peer

During handling of the above exception, another exception occurred:

Traceback (most recent call last):
  File "/opt/anaconda3/envs/TradeBot/lib/python3.10/site-packages/requests/adapters.py", line 667, in send
    resp = conn.urlopen(
  File "/opt/anaconda3/envs/TradeBot/lib/python3.10/site-packages/urllib3/connectionpool.py", line 843, in urlopen
    retries = retries.increment(
  File "/opt/anaconda3/envs/TradeBot/lib/python3.10/site-packages/urllib3/util/retry.py", line 474, in increment
    raise reraise(type(error), error, _stacktrace)
  File "/opt/anaconda3/envs/TradeBot/lib/python3.10/site-packages/urllib3/util/util.py", line 38, in reraise
    raise value.with_traceback(tb)
  File "/opt/anaconda3/envs/TradeBot/lib/python3.10/site-packages/urllib3/connectionpool.py", line 789, in urlopen
    response = self._make_request(
  File "/opt/anaconda3/envs/TradeBot/lib/python3.10/site-packages/urllib3/connectionpool.py", line 490, in _make_request
    raise new_e
  File "/opt/anaconda3/envs/TradeBot/lib/python3.10/site-packages/urllib3/connectionpool.py", line 466, in _make_request
    self._validate_conn(conn)
  File "/opt/anaconda3/envs/TradeBot/lib/python3.10/site-packages/urllib3/connectionpool.py", line 1095, in _validate_conn
    conn.connect()
  File "/opt/anaconda3/envs/TradeBot/lib/python3.10/site-packages/urllib3/connection.py", line 730, in connect
    sock_and_verified = _ssl_wrap_socket_and_match_hostname(
  File "/opt/anaconda3/envs/TradeBot/lib/python3.10/site-packages/urllib3/connection.py", line 909, in _ssl_wrap_socket_and_match_hostname
    ssl_sock = ssl_wrap_socket(
  File "/opt/anaconda3/envs/TradeBot/lib/python3.10/site-packages/urllib3/util/ssl_.py", line 469, in ssl_wrap_socket
    ssl_sock = _ssl_wrap_socket_impl(sock, context, tls_in_tls, server_hostname)
  File "/opt/anaconda3/envs/TradeBot/lib/python3.10/site-packages/urllib3/util/ssl_.py", line 513, in _ssl_wrap_socket_impl
    return ssl_context.wrap_socket(sock, server_hostname=server_hostname)
  File "/opt/anaconda3/envs/TradeBot/lib/python3.10/ssl.py", line 513, in wrap_socket
    return self.sslsocket_class._create(
  File "/opt/anaconda3/envs/TradeBot/lib/python3.10/ssl.py", line 1104, in _create
    self.do_handshake()
  File "/opt/anaconda3/envs/TradeBot/lib/python3.10/ssl.py", line 1375, in do_handshake
    self._sslobj.do_handshake()
urllib3.exceptions.ProtocolError: ('Connection aborted.', ConnectionResetError(54, 'Connection reset by peer'))

During handling of the above exception, another exception occurred:

Traceback (most recent call last):
  File "/Users/jack/Python_Projects/BotTrader/MarketDataManager/ticker_manager.py", line 425, in get_portfolio_breakdown
    response = self.rest_client.get_portfolio_breakdown(portfolio_uuid, currency)
  File "/opt/anaconda3/envs/TradeBot/lib/python3.10/site-packages/coinbase/rest/portfolios.py", line 91, in get_portfolio_breakdown
    return GetPortfolioBreakdownResponse(self.get(endpoint, params=params, **kwargs))
  File "/opt/anaconda3/envs/TradeBot/lib/python3.10/site-packages/coinbase/rest/rest_base.py", line 101, in get
    return self.prepare_and_send_request(
  File "/opt/anaconda3/envs/TradeBot/lib/python3.10/site-packages/coinbase/rest/rest_base.py", line 207, in prepare_and_send_request
    return self.send_request(http_method, url_path, params, headers, data=data)
  File "/opt/anaconda3/envs/TradeBot/lib/python3.10/site-packages/coinbase/rest/rest_base.py", line 220, in send_request
    response = self.session.request(
  File "/opt/anaconda3/envs/TradeBot/lib/python3.10/site-packages/requests/sessions.py", line 589, in request
    resp = self.send(prep, **send_kwargs)
  File "/opt/anaconda3/envs/TradeBot/lib/python3.10/site-packages/requests/sessions.py", line 703, in send
    r = adapter.send(request, **kwargs)
  File "/opt/anaconda3/envs/TradeBot/lib/python3.10/site-packages/requests/adapters.py", line 682, in send
    raise ConnectionError(err, request=request)
requests.exceptions.ConnectionError: ('Connection aborted.', ConnectionResetError(54, 'Connection reset by peer'))
2025-05-02 07:30:48,406 - shared_logger - ERROR - ‚ùå Attempt 2 failed: 401 Client Error: Unauthorized Unauthorized
 (ticker_manager.py:431)
Traceback (most recent call last):
  File "/Users/jack/Python_Projects/BotTrader/MarketDataManager/ticker_manager.py", line 425, in get_portfolio_breakdown
    response = self.rest_client.get_portfolio_breakdown(portfolio_uuid, currency)
  File "/opt/anaconda3/envs/TradeBot/lib/python3.10/site-packages/coinbase/rest/portfolios.py", line 91, in get_portfolio_breakdown
    return GetPortfolioBreakdownResponse(self.get(endpoint, params=params, **kwargs))
  File "/opt/anaconda3/envs/TradeBot/lib/python3.10/site-packages/coinbase/rest/rest_base.py", line 101, in get
    return self.prepare_and_send_request(
  File "/opt/anaconda3/envs/TradeBot/lib/python3.10/site-packages/coinbase/rest/rest_base.py", line 207, in prepare_and_send_request
    return self.send_request(http_method, url_path, params, headers, data=data)
  File "/opt/anaconda3/envs/TradeBot/lib/python3.10/site-packages/coinbase/rest/rest_base.py", line 228, in send_request
    handle_exception(response)  # Raise an HTTPError for bad responses
  File "/opt/anaconda3/envs/TradeBot/lib/python3.10/site-packages/coinbase/rest/rest_base.py", line 47, in handle_exception
    raise HTTPError(http_error_msg, response=response)
requests.exceptions.HTTPError: 401 Client Error: Unauthorized Unauthorized

2025-05-02 07:30:51,766 - shared_logger - ERROR - ‚ö†Ô∏è Post-only limit buys must be priced below the lowest sell price() (api_manager.py:166)
2025-05-02 07:30:51,766 - shared_logger - ERROR - Exchange error fetch_markets : coinbase GET https://api.coinbase.com/api/v3/brokerage/transaction_summary?paginate=true&limit=1000 401 Unauthorized Unauthorized (api_manager.py:168)
Traceback (most recent call last):
  File "/opt/anaconda3/envs/TradeBot/lib/python3.10/site-packages/ccxt/base/exchange.py", line 577, in fetch
    response.raise_for_status()
  File "/opt/anaconda3/envs/TradeBot/lib/python3.10/site-packages/requests/models.py", line 1024, in raise_for_status
    raise HTTPError(http_error_msg, response=self)
requests.exceptions.HTTPError: 401 Client Error: Unauthorized for url: https://api.coinbase.com/api/v3/brokerage/transaction_summary?paginate=true&limit=1000

During handling of the above exception, another exception occurred:

Traceback (most recent call last):
  File "/Users/jack/Python_Projects/BotTrader/Api_manager/api_manager.py", line 109, in ccxt_api_call
    response = await func(*args, **kwargs) if asyncio.iscoroutinefunction(func) else func(*args, **kwargs)
  File "/opt/anaconda3/envs/TradeBot/lib/python3.10/site-packages/ccxt/coinbase.py", line 1271, in fetch_markets
    return self.fetch_markets_v3(params)
  File "/opt/anaconda3/envs/TradeBot/lib/python3.10/site-packages/ccxt/coinbase.py", line 1397, in fetch_markets_v3
    spotUnresolvedPromises.append(self.v3PrivateGetBrokerageTransactionSummary(params))
  File "/opt/anaconda3/envs/TradeBot/lib/python3.10/site-packages/ccxt/base/types.py", line 35, in unbound_method
    return _self.request(self.path, self.api, self.method, params, config=self.config)
  File "/opt/anaconda3/envs/TradeBot/lib/python3.10/site-packages/ccxt/base/exchange.py", line 4401, in request
    return self.fetch2(path, api, method, params, headers, body, config)
  File "/opt/anaconda3/envs/TradeBot/lib/python3.10/site-packages/ccxt/base/exchange.py", line 4397, in fetch2
    raise e
  File "/opt/anaconda3/envs/TradeBot/lib/python3.10/site-packages/ccxt/base/exchange.py", line 4386, in fetch2
    return self.fetch(request['url'], request['method'], request['headers'], request['body'])
  File "/opt/anaconda3/envs/TradeBot/lib/python3.10/site-packages/ccxt/base/exchange.py", line 595, in fetch
    self.handle_http_status_code(http_status_code, http_status_text, url, method, http_response)
  File "/opt/anaconda3/envs/TradeBot/lib/python3.10/site-packages/ccxt/base/exchange.py", line 1691, in handle_http_status_code
    raise ErrorClass(self.id + ' ' + method + ' ' + url + ' ' + codeAsString + ' ' + reason + ' ' + body)
ccxt.base.errors.AuthenticationError: coinbase GET https://api.coinbase.com/api/v3/brokerage/transaction_summary?paginate=true&limit=1000 401 Unauthorized Unauthorized
2025-05-02 07:30:51,772 - shared_logger - INFO - API call failed after all retries. fetch_markets (api_manager.py:181)
NoneType: None
2025-05-02 07:30:53,521 - shared_logger - ERROR - ‚ùå Attempt 3 failed: 401 Client Error: Unauthorized Unauthorized
 (ticker_manager.py:431)
Traceback (most recent call last):
  File "/Users/jack/Python_Projects/BotTrader/MarketDataManager/ticker_manager.py", line 425, in get_portfolio_breakdown
    response = self.rest_client.get_portfolio_breakdown(portfolio_uuid, currency)
  File "/opt/anaconda3/envs/TradeBot/lib/python3.10/site-packages/coinbase/rest/portfolios.py", line 91, in get_portfolio_breakdown
    return GetPortfolioBreakdownResponse(self.get(endpoint, params=params, **kwargs))
  File "/opt/anaconda3/envs/TradeBot/lib/python3.10/site-packages/coinbase/rest/rest_base.py", line 101, in get
    return self.prepare_and_send_request(
  File "/opt/anaconda3/envs/TradeBot/lib/python3.10/site-packages/coinbase/rest/rest_base.py", line 207, in prepare_and_send_request
    return self.send_request(http_method, url_path, params, headers, data=data)
  File "/opt/anaconda3/envs/TradeBot/lib/python3.10/site-packages/coinbase/rest/rest_base.py", line 228, in send_request
    handle_exception(response)  # Raise an HTTPError for bad responses
  File "/opt/anaconda3/envs/TradeBot/lib/python3.10/site-packages/coinbase/rest/rest_base.py", line 47, in handle_exception
    raise HTTPError(http_error_msg, response=response)
requests.exceptions.HTTPError: 401 Client Error: Unauthorized Unauthorized

2025-05-02 07:30:53,522 - shared_logger - ERROR - Max retries reached for get_portfolio_breakdown. (ticker_manager.py:433)
2025-05-02 07:30:53,523 - shared_logger - ERROR - ‚ùå Error in fetch_and_filter_balances: Portfolio breakdown data is empty or invalid. (ticker_manager.py:149)
Traceback (most recent call last):
  File "/Users/jack/Python_Projects/BotTrader/MarketDataManager/ticker_manager.py", line 138, in fetch_and_filter_balances
    raise ValueError("Portfolio breakdown data is empty or invalid.")
ValueError: Portfolio breakdown data is empty or invalid.
2025-05-02 07:30:53,525 - shared_logger - ERROR - Market data retrieval failed, returning empty dataset. (ticker_manager.py:85)
2025-05-02 07:30:53,755 - shared_logger - ERROR - ‚ùå Attempt 1 failed: 401 Client Error: Unauthorized Unauthorized
 (ticker_manager.py:431)
Traceback (most recent call last):
  File "/Users/jack/Python_Projects/BotTrader/MarketDataManager/ticker_manager.py", line 425, in get_portfolio_breakdown
    response = self.rest_client.get_portfolio_breakdown(portfolio_uuid, currency)
  File "/opt/anaconda3/envs/TradeBot/lib/python3.10/site-packages/coinbase/rest/portfolios.py", line 91, in get_portfolio_breakdown
    return GetPortfolioBreakdownResponse(self.get(endpoint, params=params, **kwargs))
  File "/opt/anaconda3/envs/TradeBot/lib/python3.10/site-packages/coinbase/rest/rest_base.py", line 101, in get
    return self.prepare_and_send_request(
  File "/opt/anaconda3/envs/TradeBot/lib/python3.10/site-packages/coinbase/rest/rest_base.py", line 207, in prepare_and_send_request
    return self.send_request(http_method, url_path, params, headers, data=data)
  File "/opt/anaconda3/envs/TradeBot/lib/python3.10/site-packages/coinbase/rest/rest_base.py", line 228, in send_request
    handle_exception(response)  # Raise an HTTPError for bad responses
  File "/opt/anaconda3/envs/TradeBot/lib/python3.10/site-packages/coinbase/rest/rest_base.py", line 47, in handle_exception
    raise HTTPError(http_error_msg, response=response)
requests.exceptions.HTTPError: 401 Client Error: Unauthorized Unauthorized

2025-05-02 07:30:54,499 - shared_logger - ERROR - ‚ö†Ô∏è Post-only limit buys must be priced below the lowest sell price() (api_manager.py:166)
2025-05-02 07:30:54,500 - shared_logger - ERROR - Exchange error fetch_markets : coinbase GET https://api.coinbase.com/api/v3/brokerage/transaction_summary?paginate=true&limit=1000 401 Unauthorized Unauthorized (api_manager.py:168)
Traceback (most recent call last):
  File "/opt/anaconda3/envs/TradeBot/lib/python3.10/site-packages/ccxt/base/exchange.py", line 577, in fetch
    response.raise_for_status()
  File "/opt/anaconda3/envs/TradeBot/lib/python3.10/site-packages/requests/models.py", line 1024, in raise_for_status
    raise HTTPError(http_error_msg, response=self)
requests.exceptions.HTTPError: 401 Client Error: Unauthorized for url: https://api.coinbase.com/api/v3/brokerage/transaction_summary?paginate=true&limit=1000

During handling of the above exception, another exception occurred:

Traceback (most recent call last):
  File "/Users/jack/Python_Projects/BotTrader/Api_manager/api_manager.py", line 109, in ccxt_api_call
    response = await func(*args, **kwargs) if asyncio.iscoroutinefunction(func) else func(*args, **kwargs)
  File "/opt/anaconda3/envs/TradeBot/lib/python3.10/site-packages/ccxt/coinbase.py", line 1271, in fetch_markets
    return self.fetch_markets_v3(params)
  File "/opt/anaconda3/envs/TradeBot/lib/python3.10/site-packages/ccxt/coinbase.py", line 1397, in fetch_markets_v3
    spotUnresolvedPromises.append(self.v3PrivateGetBrokerageTransactionSummary(params))
  File "/opt/anaconda3/envs/TradeBot/lib/python3.10/site-packages/ccxt/base/types.py", line 35, in unbound_method
    return _self.request(self.path, self.api, self.method, params, config=self.config)
  File "/opt/anaconda3/envs/TradeBot/lib/python3.10/site-packages/ccxt/base/exchange.py", line 4401, in request
    return self.fetch2(path, api, method, params, headers, body, config)
  File "/opt/anaconda3/envs/TradeBot/lib/python3.10/site-packages/ccxt/base/exchange.py", line 4397, in fetch2
    raise e
  File "/opt/anaconda3/envs/TradeBot/lib/python3.10/site-packages/ccxt/base/exchange.py", line 4386, in fetch2
    return self.fetch(request['url'], request['method'], request['headers'], request['body'])
  File "/opt/anaconda3/envs/TradeBot/lib/python3.10/site-packages/ccxt/base/exchange.py", line 595, in fetch
    self.handle_http_status_code(http_status_code, http_status_text, url, method, http_response)
  File "/opt/anaconda3/envs/TradeBot/lib/python3.10/site-packages/ccxt/base/exchange.py", line 1691, in handle_http_status_code
    raise ErrorClass(self.id + ' ' + method + ' ' + url + ' ' + codeAsString + ' ' + reason + ' ' + body)
ccxt.base.errors.AuthenticationError: coinbase GET https://api.coinbase.com/api/v3/brokerage/transaction_summary?paginate=true&limit=1000 401 Unauthorized Unauthorized
2025-05-02 07:30:54,503 - shared_logger - INFO - API call failed after all retries. fetch_markets (api_manager.py:181)
NoneType: None
2025-05-02 07:30:54,704 - shared_logger - INFO - Starting to save shared data... (shared_data_manager.py:275)
2025-05-02 07:31:20,334 - shared_logger - ERROR - fetch_ticker raised an API call error RequestTimeout on attempt 1: coinbase GET https://api.coinbase.com/api/v3/brokerage/market/products (api_manager.py:124)
Traceback (most recent call last):
  File "/opt/anaconda3/envs/TradeBot/lib/python3.10/site-packages/urllib3/connectionpool.py", line 536, in _make_request
    response = conn.getresponse()
  File "/opt/anaconda3/envs/TradeBot/lib/python3.10/site-packages/urllib3/connection.py", line 507, in getresponse
    httplib_response = super().getresponse()
  File "/opt/anaconda3/envs/TradeBot/lib/python3.10/http/client.py", line 1375, in getresponse
    response.begin()
  File "/opt/anaconda3/envs/TradeBot/lib/python3.10/http/client.py", line 318, in begin
    version, status, reason = self._read_status()
  File "/opt/anaconda3/envs/TradeBot/lib/python3.10/http/client.py", line 279, in _read_status
    line = str(self.fp.readline(_MAXLINE + 1), "iso-8859-1")
  File "/opt/anaconda3/envs/TradeBot/lib/python3.10/socket.py", line 717, in readinto
    return self._sock.recv_into(b)
  File "/opt/anaconda3/envs/TradeBot/lib/python3.10/ssl.py", line 1307, in recv_into
    return self.read(nbytes, buffer)
  File "/opt/anaconda3/envs/TradeBot/lib/python3.10/ssl.py", line 1163, in read
    return self._sslobj.read(len, buffer)
TimeoutError: The read operation timed out

The above exception was the direct cause of the following exception:

Traceback (most recent call last):
  File "/opt/anaconda3/envs/TradeBot/lib/python3.10/site-packages/requests/adapters.py", line 667, in send
    resp = conn.urlopen(
  File "/opt/anaconda3/envs/TradeBot/lib/python3.10/site-packages/urllib3/connectionpool.py", line 843, in urlopen
    retries = retries.increment(
  File "/opt/anaconda3/envs/TradeBot/lib/python3.10/site-packages/urllib3/util/retry.py", line 474, in increment
    raise reraise(type(error), error, _stacktrace)
  File "/opt/anaconda3/envs/TradeBot/lib/python3.10/site-packages/urllib3/util/util.py", line 39, in reraise
    raise value
  File "/opt/anaconda3/envs/TradeBot/lib/python3.10/site-packages/urllib3/connectionpool.py", line 789, in urlopen
    response = self._make_request(
  File "/opt/anaconda3/envs/TradeBot/lib/python3.10/site-packages/urllib3/connectionpool.py", line 538, in _make_request
    self._raise_timeout(err=e, url=url, timeout_value=read_timeout)
  File "/opt/anaconda3/envs/TradeBot/lib/python3.10/site-packages/urllib3/connectionpool.py", line 369, in _raise_timeout
    raise ReadTimeoutError(
urllib3.exceptions.ReadTimeoutError: HTTPSConnectionPool(host='api.coinbase.com', port=443): Read timed out. (read timeout=10.0)

During handling of the above exception, another exception occurred:

Traceback (most recent call last):
  File "/opt/anaconda3/envs/TradeBot/lib/python3.10/site-packages/ccxt/base/exchange.py", line 551, in fetch
    response = self.session.request(
  File "/opt/anaconda3/envs/TradeBot/lib/python3.10/site-packages/requests/sessions.py", line 589, in request
    resp = self.send(prep, **send_kwargs)
  File "/opt/anaconda3/envs/TradeBot/lib/python3.10/site-packages/requests/sessions.py", line 703, in send
    r = adapter.send(request, **kwargs)
  File "/opt/anaconda3/envs/TradeBot/lib/python3.10/site-packages/requests/adapters.py", line 713, in send
    raise ReadTimeout(e, request=request)
requests.exceptions.ReadTimeout: HTTPSConnectionPool(host='api.coinbase.com', port=443): Read timed out. (read timeout=10.0)

The above exception was the direct cause of the following exception:

Traceback (most recent call last):
  File "/Users/jack/Python_Projects/BotTrader/Api_manager/api_manager.py", line 109, in ccxt_api_call
    response = await func(*args, **kwargs) if asyncio.iscoroutinefunction(func) else func(*args, **kwargs)
  File "/opt/anaconda3/envs/TradeBot/lib/python3.10/site-packages/ccxt/coinbase.py", line 2034, in fetch_ticker
    return self.fetch_ticker_v3(symbol, params)
  File "/opt/anaconda3/envs/TradeBot/lib/python3.10/site-packages/ccxt/coinbase.py", line 2066, in fetch_ticker_v3
    self.load_markets()
  File "/opt/anaconda3/envs/TradeBot/lib/python3.10/site-packages/ccxt/base/exchange.py", line 1513, in load_markets
    markets = self.fetch_markets(params)
  File "/opt/anaconda3/envs/TradeBot/lib/python3.10/site-packages/ccxt/coinbase.py", line 1271, in fetch_markets
    return self.fetch_markets_v3(params)
  File "/opt/anaconda3/envs/TradeBot/lib/python3.10/site-packages/ccxt/coinbase.py", line 1350, in fetch_markets_v3
    spotUnresolvedPromises.append(self.v3PublicGetBrokerageMarketProducts(params))
  File "/opt/anaconda3/envs/TradeBot/lib/python3.10/site-packages/ccxt/base/types.py", line 35, in unbound_method
    return _self.request(self.path, self.api, self.method, params, config=self.config)
  File "/opt/anaconda3/envs/TradeBot/lib/python3.10/site-packages/ccxt/base/exchange.py", line 4401, in request
    return self.fetch2(path, api, method, params, headers, body, config)
  File "/opt/anaconda3/envs/TradeBot/lib/python3.10/site-packages/ccxt/base/exchange.py", line 4395, in fetch2
    raise e
  File "/opt/anaconda3/envs/TradeBot/lib/python3.10/site-packages/ccxt/base/exchange.py", line 4386, in fetch2
    return self.fetch(request['url'], request['method'], request['headers'], request['body'])
  File "/opt/anaconda3/envs/TradeBot/lib/python3.10/site-packages/ccxt/base/exchange.py", line 581, in fetch
    raise RequestTimeout(details) from e
ccxt.base.errors.RequestTimeout: coinbase GET https://api.coinbase.com/api/v3/brokerage/market/products
2025-05-02 07:31:30,456 - shared_logger - ERROR - fetch_ticker raised an API call error RequestTimeout on attempt 1: coinbase GET https://api.coinbase.com/v2/currencies (api_manager.py:124)
Traceback (most recent call last):
  File "/opt/anaconda3/envs/TradeBot/lib/python3.10/site-packages/urllib3/connectionpool.py", line 466, in _make_request
    self._validate_conn(conn)
  File "/opt/anaconda3/envs/TradeBot/lib/python3.10/site-packages/urllib3/connectionpool.py", line 1095, in _validate_conn
    conn.connect()
  File "/opt/anaconda3/envs/TradeBot/lib/python3.10/site-packages/urllib3/connection.py", line 730, in connect
    sock_and_verified = _ssl_wrap_socket_and_match_hostname(
  File "/opt/anaconda3/envs/TradeBot/lib/python3.10/site-packages/urllib3/connection.py", line 909, in _ssl_wrap_socket_and_match_hostname
    ssl_sock = ssl_wrap_socket(
  File "/opt/anaconda3/envs/TradeBot/lib/python3.10/site-packages/urllib3/util/ssl_.py", line 469, in ssl_wrap_socket
    ssl_sock = _ssl_wrap_socket_impl(sock, context, tls_in_tls, server_hostname)
  File "/opt/anaconda3/envs/TradeBot/lib/python3.10/site-packages/urllib3/util/ssl_.py", line 513, in _ssl_wrap_socket_impl
    return ssl_context.wrap_socket(sock, server_hostname=server_hostname)
  File "/opt/anaconda3/envs/TradeBot/lib/python3.10/ssl.py", line 513, in wrap_socket
    return self.sslsocket_class._create(
  File "/opt/anaconda3/envs/TradeBot/lib/python3.10/ssl.py", line 1104, in _create
    self.do_handshake()
  File "/opt/anaconda3/envs/TradeBot/lib/python3.10/ssl.py", line 1375, in do_handshake
    self._sslobj.do_handshake()
TimeoutError: _ssl.c:1000: The handshake operation timed out

The above exception was the direct cause of the following exception:

Traceback (most recent call last):
  File "/opt/anaconda3/envs/TradeBot/lib/python3.10/site-packages/requests/adapters.py", line 667, in send
    resp = conn.urlopen(
  File "/opt/anaconda3/envs/TradeBot/lib/python3.10/site-packages/urllib3/connectionpool.py", line 843, in urlopen
    retries = retries.increment(
  File "/opt/anaconda3/envs/TradeBot/lib/python3.10/site-packages/urllib3/util/retry.py", line 474, in increment
    raise reraise(type(error), error, _stacktrace)
  File "/opt/anaconda3/envs/TradeBot/lib/python3.10/site-packages/urllib3/util/util.py", line 39, in reraise
    raise value
  File "/opt/anaconda3/envs/TradeBot/lib/python3.10/site-packages/urllib3/connectionpool.py", line 789, in urlopen
    response = self._make_request(
  File "/opt/anaconda3/envs/TradeBot/lib/python3.10/site-packages/urllib3/connectionpool.py", line 490, in _make_request
    raise new_e
  File "/opt/anaconda3/envs/TradeBot/lib/python3.10/site-packages/urllib3/connectionpool.py", line 468, in _make_request
    self._raise_timeout(err=e, url=url, timeout_value=conn.timeout)
  File "/opt/anaconda3/envs/TradeBot/lib/python3.10/site-packages/urllib3/connectionpool.py", line 369, in _raise_timeout
    raise ReadTimeoutError(
urllib3.exceptions.ReadTimeoutError: HTTPSConnectionPool(host='api.coinbase.com', port=443): Read timed out. (read timeout=10.0)

During handling of the above exception, another exception occurred:

Traceback (most recent call last):
  File "/opt/anaconda3/envs/TradeBot/lib/python3.10/site-packages/ccxt/base/exchange.py", line 551, in fetch
    response = self.session.request(
  File "/opt/anaconda3/envs/TradeBot/lib/python3.10/site-packages/requests/sessions.py", line 589, in request
    resp = self.send(prep, **send_kwargs)
  File "/opt/anaconda3/envs/TradeBot/lib/python3.10/site-packages/requests/sessions.py", line 703, in send
    r = adapter.send(request, **kwargs)
  File "/opt/anaconda3/envs/TradeBot/lib/python3.10/site-packages/requests/adapters.py", line 713, in send
    raise ReadTimeout(e, request=request)
requests.exceptions.ReadTimeout: HTTPSConnectionPool(host='api.coinbase.com', port=443): Read timed out. (read timeout=10.0)

The above exception was the direct cause of the following exception:

Traceback (most recent call last):
  File "/Users/jack/Python_Projects/BotTrader/Api_manager/api_manager.py", line 109, in ccxt_api_call
    response = await func(*args, **kwargs) if asyncio.iscoroutinefunction(func) else func(*args, **kwargs)
  File "/opt/anaconda3/envs/TradeBot/lib/python3.10/site-packages/ccxt/coinbase.py", line 2034, in fetch_ticker
    return self.fetch_ticker_v3(symbol, params)
  File "/opt/anaconda3/envs/TradeBot/lib/python3.10/site-packages/ccxt/coinbase.py", line 2066, in fetch_ticker_v3
    self.load_markets()
  File "/opt/anaconda3/envs/TradeBot/lib/python3.10/site-packages/ccxt/base/exchange.py", line 1512, in load_markets
    currencies = self.fetch_currencies()
  File "/opt/anaconda3/envs/TradeBot/lib/python3.10/site-packages/ccxt/coinbase.py", line 1824, in fetch_currencies
    response = self.fetch_currencies_from_cache(params)
  File "/opt/anaconda3/envs/TradeBot/lib/python3.10/site-packages/ccxt/coinbase.py", line 1776, in fetch_currencies_from_cache
    self.v2PublicGetCurrencies(params),
  File "/opt/anaconda3/envs/TradeBot/lib/python3.10/site-packages/ccxt/base/types.py", line 35, in unbound_method
    return _self.request(self.path, self.api, self.method, params, config=self.config)
  File "/opt/anaconda3/envs/TradeBot/lib/python3.10/site-packages/ccxt/base/exchange.py", line 4401, in request
    return self.fetch2(path, api, method, params, headers, body, config)
  File "/opt/anaconda3/envs/TradeBot/lib/python3.10/site-packages/ccxt/base/exchange.py", line 4395, in fetch2
    raise e
  File "/opt/anaconda3/envs/TradeBot/lib/python3.10/site-packages/ccxt/base/exchange.py", line 4386, in fetch2
    return self.fetch(request['url'], request['method'], request['headers'], request['body'])
  File "/opt/anaconda3/envs/TradeBot/lib/python3.10/site-packages/ccxt/base/exchange.py", line 581, in fetch
    raise RequestTimeout(details) from e
ccxt.base.errors.RequestTimeout: coinbase GET https://api.coinbase.com/v2/currencies
2025-05-02 07:31:41,383 - shared_logger - ERROR - fetch_ticker raised an API call error RequestTimeout on attempt 1: coinbase GET https://api.coinbase.com/v2/exchange-rates (api_manager.py:124)
Traceback (most recent call last):
  File "/opt/anaconda3/envs/TradeBot/lib/python3.10/site-packages/urllib3/connectionpool.py", line 536, in _make_request
    response = conn.getresponse()
  File "/opt/anaconda3/envs/TradeBot/lib/python3.10/site-packages/urllib3/connection.py", line 507, in getresponse
    httplib_response = super().getresponse()
  File "/opt/anaconda3/envs/TradeBot/lib/python3.10/http/client.py", line 1375, in getresponse
    response.begin()
  File "/opt/anaconda3/envs/TradeBot/lib/python3.10/http/client.py", line 318, in begin
    version, status, reason = self._read_status()
  File "/opt/anaconda3/envs/TradeBot/lib/python3.10/http/client.py", line 279, in _read_status
    line = str(self.fp.readline(_MAXLINE + 1), "iso-8859-1")
  File "/opt/anaconda3/envs/TradeBot/lib/python3.10/socket.py", line 717, in readinto
    return self._sock.recv_into(b)
  File "/opt/anaconda3/envs/TradeBot/lib/python3.10/ssl.py", line 1307, in recv_into
    return self.read(nbytes, buffer)
  File "/opt/anaconda3/envs/TradeBot/lib/python3.10/ssl.py", line 1163, in read
    return self._sslobj.read(len, buffer)
TimeoutError: The read operation timed out

The above exception was the direct cause of the following exception:

Traceback (most recent call last):
  File "/opt/anaconda3/envs/TradeBot/lib/python3.10/site-packages/requests/adapters.py", line 667, in send
    resp = conn.urlopen(
  File "/opt/anaconda3/envs/TradeBot/lib/python3.10/site-packages/urllib3/connectionpool.py", line 843, in urlopen
    retries = retries.increment(
  File "/opt/anaconda3/envs/TradeBot/lib/python3.10/site-packages/urllib3/util/retry.py", line 474, in increment
    raise reraise(type(error), error, _stacktrace)
  File "/opt/anaconda3/envs/TradeBot/lib/python3.10/site-packages/urllib3/util/util.py", line 39, in reraise
    raise value
  File "/opt/anaconda3/envs/TradeBot/lib/python3.10/site-packages/urllib3/connectionpool.py", line 789, in urlopen
    response = self._make_request(
  File "/opt/anaconda3/envs/TradeBot/lib/python3.10/site-packages/urllib3/connectionpool.py", line 538, in _make_request
    self._raise_timeout(err=e, url=url, timeout_value=read_timeout)
  File "/opt/anaconda3/envs/TradeBot/lib/python3.10/site-packages/urllib3/connectionpool.py", line 369, in _raise_timeout
    raise ReadTimeoutError(
urllib3.exceptions.ReadTimeoutError: HTTPSConnectionPool(host='api.coinbase.com', port=443): Read timed out. (read timeout=10.0)

During handling of the above exception, another exception occurred:

Traceback (most recent call last):
  File "/opt/anaconda3/envs/TradeBot/lib/python3.10/site-packages/ccxt/base/exchange.py", line 551, in fetch
    response = self.session.request(
  File "/opt/anaconda3/envs/TradeBot/lib/python3.10/site-packages/requests/sessions.py", line 589, in request
    resp = self.send(prep, **send_kwargs)
  File "/opt/anaconda3/envs/TradeBot/lib/python3.10/site-packages/requests/sessions.py", line 703, in send
    r = adapter.send(request, **kwargs)
  File "/opt/anaconda3/envs/TradeBot/lib/python3.10/site-packages/requests/adapters.py", line 713, in send
    raise ReadTimeout(e, request=request)
requests.exceptions.ReadTimeout: HTTPSConnectionPool(host='api.coinbase.com', port=443): Read timed out. (read timeout=10.0)

The above exception was the direct cause of the following exception:

Traceback (most recent call last):
  File "/Users/jack/Python_Projects/BotTrader/Api_manager/api_manager.py", line 109, in ccxt_api_call
    response = await func(*args, **kwargs) if asyncio.iscoroutinefunction(func) else func(*args, **kwargs)
  File "/opt/anaconda3/envs/TradeBot/lib/python3.10/site-packages/ccxt/coinbase.py", line 2034, in fetch_ticker
    return self.fetch_ticker_v3(symbol, params)
  File "/opt/anaconda3/envs/TradeBot/lib/python3.10/site-packages/ccxt/coinbase.py", line 2066, in fetch_ticker_v3
    self.load_markets()
  File "/opt/anaconda3/envs/TradeBot/lib/python3.10/site-packages/ccxt/base/exchange.py", line 1512, in load_markets
    currencies = self.fetch_currencies()
  File "/opt/anaconda3/envs/TradeBot/lib/python3.10/site-packages/ccxt/coinbase.py", line 1824, in fetch_currencies
    response = self.fetch_currencies_from_cache(params)
  File "/opt/anaconda3/envs/TradeBot/lib/python3.10/site-packages/ccxt/coinbase.py", line 1806, in fetch_currencies_from_cache
    exchangeRates = self.v2PublicGetExchangeRates(params)
  File "/opt/anaconda3/envs/TradeBot/lib/python3.10/site-packages/ccxt/base/types.py", line 35, in unbound_method
    return _self.request(self.path, self.api, self.method, params, config=self.config)
  File "/opt/anaconda3/envs/TradeBot/lib/python3.10/site-packages/ccxt/base/exchange.py", line 4401, in request
    return self.fetch2(path, api, method, params, headers, body, config)
  File "/opt/anaconda3/envs/TradeBot/lib/python3.10/site-packages/ccxt/base/exchange.py", line 4395, in fetch2
    raise e
  File "/opt/anaconda3/envs/TradeBot/lib/python3.10/site-packages/ccxt/base/exchange.py", line 4386, in fetch2
    return self.fetch(request['url'], request['method'], request['headers'], request['body'])
  File "/opt/anaconda3/envs/TradeBot/lib/python3.10/site-packages/ccxt/base/exchange.py", line 581, in fetch
    raise RequestTimeout(details) from e
ccxt.base.errors.RequestTimeout: coinbase GET https://api.coinbase.com/v2/exchange-rates
